 homing_slrt

 Timestamp is 619e66aa (Wed Nov 24 17:22:02 2021)

 Preferred load address is 10000000

 Start         Length     Name                   Class
 0001:00000000 0006da25H .text$mn                CODE
 0001:0006da25 00001085H .text$x                 CODE
 0002:00000000 00000104H .CRT$XCA                DATA
 0002:00000104 00000104H .CRT$XCZ                DATA
 0002:00000208 00000104H .CRT$XIA                DATA
 0002:0000030c 00000110H .CRT$XIC                DATA
 0002:0000041c 00000104H .CRT$XIZ                DATA
 0002:00000520 00000104H .CRT$XPA                DATA
 0002:00000624 0000010cH .CRT$XPX                DATA
 0002:00000730 00000104H .CRT$XPXA               DATA
 0002:00000834 00000104H .CRT$XPZ                DATA
 0002:00000938 00000104H .CRT$XTA                DATA
 0002:00000a3c 00000104H .CRT$XTZ                DATA
 0002:00000b40 0000eca8H .rdata                  DATA
 0002:0000f7e8 00000448H .rdata$r                DATA
 0002:0000fc30 00000128H .rdata$sxdata           DATA
 0002:0000fd58 00000208H .rdata$zzzdbg           DATA
 0002:0000ff60 00000104H .rtc$IAA                DATA
 0002:00010064 00000104H .rtc$IZZ                DATA
 0002:00010168 00000104H .rtc$TAA                DATA
 0002:0001026c 00000104H .rtc$TZZ                DATA
 0002:00010370 00000ce0H .xdata$x                DATA
 0002:00011050 000001dfH .edata                  DATA
 0003:00000000 00001df0H .data                   DATA
 0003:00001df0 00000250H .data$r                 DATA
 0003:00002040 0001698cH .bss                    DATA
 0004:00000000 000001b4H .idata$5                DATA
 0004:000001b4 00000014H .idata$2                DATA
 0004:000001c8 00000014H .idata$3                DATA
 0004:000001dc 000001b4H .idata$4                DATA
 0004:00000390 000007a2H .idata$6                DATA
 0005:00000000 00000104H .00cfg                  DATA

  Address         Publics by Value              Rva+Base       Lib:Object

 0000:00000000       __except_list              00000000     <absolute>
 0000:00000000       ___guard_iat_table         00000000     <absolute>
 0000:00000000       ___guard_longjmp_count     00000000     <absolute>
 0000:00000000       ___volatile_metadata       00000000     <absolute>
 0000:00000000       ___hybrid_code_map_count   00000000     <absolute>
 0000:00000000       ___guard_iat_count         00000000     <absolute>
 0000:00000000       ___guard_fids_table        00000000     <absolute>
 0000:00000000       ___hybrid_auxiliary_iat    00000000     <absolute>
 0000:00000000       ___guard_longjmp_table     00000000     <absolute>
 0000:00000000       ___guard_fids_count        00000000     <absolute>
 0000:00000000       ___hybrid_code_map         00000000     <absolute>
 0000:00000000       ___dynamic_value_reloc_table 00000000     <absolute>
 0000:00000000       ___enclave_config          00000000     <absolute>
 0000:00000008       ___safe_se_handler_count   00000008     <absolute>
 0000:00000100       ___guard_flags             00000100     <absolute>
 0000:00000000       ___ImageBase               10000000     <linker-defined>
 0001:00006500       _MdlInitialize             10007500 f   homing.obj
 0001:00006510       _MdlInitializeSampleTimes  10007510 f   homing.obj
 0001:00006520       _MdlInitializeSizes        10007520 f   homing.obj
 0001:00006530       _MdlOutputs                10007530 f   homing.obj
 0001:00006540       _MdlStart                  10007540 f   homing.obj
 0001:00006720       _MdlTerminate              10007720 f   homing.obj
 0001:000067d0       _MdlUpdate                 100077d0 f   homing.obj
 0001:000068b0       _homing                    100078b0 f   homing.obj
 0001:00008ba0       _rt_mxCreateCharMatrixFromStrings 10009ba0 f   rt_matrx.obj
 0001:00008d00       _rt_mxCreateDoubleMatrix   10009d00 f   rt_matrx.obj
 0001:00008d60       _rt_mxCreateNumericArray   10009d60 f   rt_matrx.obj
 0001:00008dd0       _rt_mxCreateString         10009dd0 f   rt_matrx.obj
 0001:00008e60       _rt_mxDuplicateArray       10009e60 f   rt_matrx.obj
 0001:00008ec0       _rt_mxGetDimensions        10009ec0 f   rt_matrx.obj
 0001:00008f00       _rt_mxGetEps               10009f00 f   rt_matrx.obj
 0001:00008f10       _rt_mxGetString            10009f10 f   rt_matrx.obj
 0001:00008f90       _rtPrintfNoOp              10009f90 f   rt_printf.obj
 0001:00008fa0       _homing_GetCAPIStaticMap   10009fa0 f   homing_capi.obj
 0001:00008fb0       _homing_InitializeDataMapInfo 10009fb0 f   homing_capi.obj
 0001:00009040       _rtGetInf                  1000a040 f   rtGetInf.obj
 0001:00009070       _rtGetInfF                 1000a070 f   rtGetInf.obj
 0001:00009090       _rtGetMinusInf             1000a090 f   rtGetInf.obj
 0001:000090c0       _rtGetMinusInfF            1000a0c0 f   rtGetInf.obj
 0001:000090e0       _rtGetNaN                  1000a0e0 f   rtGetNaN.obj
 0001:00009110       _rtGetNaNF                 1000a110 f   rtGetNaN.obj
 0001:00009130       _rtIsInf                   1000a130 f   rt_nonfinite.obj
 0001:00009170       _rtIsInfF                  1000a170 f   rt_nonfinite.obj
 0001:000091b0       _rtIsNaN                   1000a1b0 f   rt_nonfinite.obj
 0001:000091c0       _rtIsNaNF                  1000a1c0 f   rt_nonfinite.obj
 0001:000091d0       _rt_InitInfAndNaN          1000a1d0 f   rt_nonfinite.obj
 0001:00009230       _rt_CleanUpForStateLogWithMMI 1000a230 f   rt_logging_mmi.obj
 0001:00009340       _rt_FillStateSigInfoFromMMI 1000a340 f   rt_logging_mmi.obj
 0001:000096e0       _rtwCAPI_CountSysRan       1000a6e0 f   rtw_modelmap_utils.obj
 0001:00009780       _rtwCAPI_EncodePath        1000a780 f   rtw_modelmap_utils.obj
 0001:00009890       _rtwCAPI_FillSysRan        1000a890 f   rtw_modelmap_utils.obj
 0001:00009980       _rtwCAPI_FreeFullPaths     1000a980 f   rtw_modelmap_utils.obj
 0001:00009a10       _rtwCAPI_GetFullStateBlockPath 1000aa10 f   rtw_modelmap_utils.obj
 0001:00009ba0       _rtwCAPI_GetNumContStateRecords 1000aba0 f   rtw_modelmap_utils.obj
 0001:00009c60       _rtwCAPI_GetNumSigLogRecords 1000ac60 f   rtw_modelmap_utils.obj
 0001:00009cb0       _rtwCAPI_GetNumSigLogRecordsForRTWLogging 1000acb0 f   rtw_modelmap_utils.obj
 0001:00009d50       _rtwCAPI_GetNumStateRecords 1000ad50 f   rtw_modelmap_utils.obj
 0001:00009da0       _rtwCAPI_GetNumStateRecordsForRTWLogging 1000ada0 f   rtw_modelmap_utils.obj
 0001:00009e40       _rtwCAPI_GetSigAddrFromMap 1000ae40 f   rtw_modelmap_utils.obj
 0001:00009f00       _rtwCAPI_GetSigLogRecordInfo 1000af00 f   rtw_modelmap_utils.obj
 0001:0000a330       _rtwCAPI_GetStateRecordInfo 1000b330 f   rtw_modelmap_utils.obj
 0001:0000a7f0       _rtwCAPI_GetStateWidth     1000b7f0 f   rtw_modelmap_utils.obj
 0001:0000a850       _rtwCAPI_HasStates         1000b850 f   rtw_modelmap_utils.obj
 0001:0000a8b0       _rtwCAPI_UpdateFullPaths   1000b8b0 f   rtw_modelmap_utils.obj
 0001:0000aa90       ___local_stdio_printf_options 1000ba90 f i rt_logging.obj
 0001:0000aaa0       __vfprintf_l               1000baa0 f i rt_logging.obj
 0001:0000aad0       __vsnprintf_l              1000bad0 f i rt_logging.obj
 0001:0000ab10       __vsprintf_l               1000bb10 f i rt_logging.obj
 0001:0000ab50       _fprintf                   1000bb50 f i rt_logging.obj
 0001:0000b050       _printf                    1000c050 f i rt_logging.obj
 0001:0000b090       _rt_CreateLogVar           1000c090 f   rt_logging.obj
 0001:0000b120       _rt_CreateLogVarWithConvert 1000c120 f   rt_logging.obj
 0001:0000ba50       _rt_CreateStructLogVar     1000ca50 f   rt_logging.obj
 0001:0000c7d0       _rt_GetMxIdFromDTypeId     1000d7d0 f   rt_logging.obj
 0001:0000c800       _rt_GetMxIdFromDTypeIdForRSim 1000d800 f   rt_logging.obj
 0001:0000f390       _rt_StartDataLogging       10010390 f   rt_logging.obj
 0001:0000f850       _rt_StartDataLoggingWithStartTime 10010850 f   rt_logging.obj
 0001:0000fcc0       _rt_StopDataLogging        10010cc0 f   rt_logging.obj
 0001:0000fce0       _rt_StopDataLoggingImpl    10010ce0 f   rt_logging.obj
 0001:00010100       _rt_UpdateLogVar           10011100 f   rt_logging.obj
 0001:00011290       _rt_UpdateStructLogVar     10012290 f   rt_logging.obj
 0001:00011320       _rt_UpdateTXXFYLogVars     10012320 f   rt_logging.obj
 0001:00011650       _rt_UpdateTXYLogVars       10012650 f   rt_logging.obj
 0001:00011890       _sprintf                   10012890 f i rt_logging.obj
 0001:000118d0       _DllMain@12                100128d0 f   xpctarget.obj
 0001:000118e0       _SLRTSetErrorStatus        100128e0 f   xpctarget.obj
 0001:00011900       _changeStepSize            10012900 f   xpctarget.obj
 0001:00011950       _getDLMVersion             10012950 f   xpctarget.obj
 0001:00011960       _getRefMdlPath             10012960 f   xpctarget.obj
 0001:000119e0       _getRefMdlSignalNumber     100129e0 f   xpctarget.obj
 0001:00011a90       _getrlmdlinfo              10012a90 f   xpctarget.obj
 0001:00011c70       _homing_ChangeStepSize     10012c70 f   xpctarget.obj
 0001:00011cc0       _updateDiscreteEvents      10012cc0 f   xpctarget.obj
 0001:00011cd0       _getNumRef                 10012cd0 f   appmappingData.obj
 0001:00011ce0       _vprintf                   10012ce0 f i legacy_stdio.obj
 0001:00011d20       _danipcim                  10012d20 f   danipcim.obj
 0001:000124e0       _dinipcim                  100134e0 f   dinipcim.obj
 0001:000128a0       _donipcim                  100138a0 f   donipcim.obj
 0001:00012db0       _encnipcim                 10013db0 f   encnipcim.obj
 0001:00013470       _niMIdentify               10014470 f   xpcionim.obj
 0001:000135e0       _niM_AISetup               100145e0 f   xpcionim.obj
 0001:000139f0       _niM_AO_Setup              100149f0 f   xpcionim.obj
 0001:00013b80       _niM_Cont_Pulse_Train_Generation 10014b80 f   xpcionim.obj
 0001:00013cc0       _niM_Counter_Reset_All     10014cc0 f   xpcionim.obj
 0001:00013d70       _niM_CtrArm                10014d70 f   xpcionim.obj
 0001:00013d90       _niM_CtrDisarm             10014d90 f   xpcionim.obj
 0001:00013db0       _niM_CtrReadArm            10014db0 f   xpcionim.obj
 0001:00013dd0       _niM_CtrReadDisarm         10014dd0 f   xpcionim.obj
 0001:00013df0       _niM_PeriodConfigure       10014df0 f   xpcionim.obj
 0001:00013f70       _niM_Private_Data          10014f70 f   xpcionim.obj
 0001:00014550       _niM_SetPFIFilter          10015550 f   xpcionim.obj
 0001:000145d0       _niM_SetPFI_DO             100155d0 f   xpcionim.obj
 0001:00014610       _niM_SetPFI_Select         10015610 f   xpcionim.obj
 0001:00014690       _niM_aiConfigureChannel    10015690 f   xpcionim.obj
 0001:00014700       _niM_aiGetScalingCoefficients 10015700 f   xpcionim.obj
 0001:000148d0       _niM_aiPolynomialScaler    100158d0 f   xpcionim.obj
 0001:00014a00       _niM_analogTriggerReset    10015a00 f   xpcionim.obj
 0001:00014a50       _niM_aoConfigureDAC        10015a50 f   xpcionim.obj
 0001:00014aa0       _niM_aoGetScalingCoefficients 10015aa0 f   xpcionim.obj
 0001:00014b50       _niM_aoLinearScaler        10015b50 f   xpcionim.obj
 0001:00014b80       _niM_configureTimebase     10015b80 f   xpcionim.obj
 0001:00014ba0       _niM_eepromReadMSeries     10015ba0 f   xpcionim.obj
 0001:00014c70       _niM_pllReset              10015c70 f   xpcionim.obj
 0001:00014ca0       _niM_resetCtr              10015ca0 f   xpcionim.obj
 0001:00014cc0       _niM_whichBank             10015cc0 f   xpcionim.obj
 0001:00014d00       _niMconfig                 10015d00 f   xpcionim.obj
 0001:00014da0       _GetPCIDeviceFull          10015da0 f   xpcruntime:xpcimports.obj
 0001:00014de0       _ShowPCIDevice             10015de0 f   xpcruntime:xpcimports.obj
 0001:000155c0       _xpcGetPciConfigAtSlot     100165c0 f   xpcruntime:xpcimports.obj
 0001:000158d0       _xpcInitProcs              100168d0 f   xpcruntime:xpcimports.obj
 0001:00016c30       _xpceuploadevent           10017c30 f   xpcruntime:xpcimports.obj
 0001:00016c40       __ftoui3                   10017c40 f   LIBCMT:ftol3.obj
 0001:00016c4f       __ftoul3                   10017c4f f   LIBCMT:ftol3.obj
 0001:00016c5e       __ftol3                    10017c5e f   LIBCMT:ftol3.obj
 0001:00016c6b       __ftol3_NaN                10017c6b f   LIBCMT:ftol3.obj
 0001:00016c83       __ftol3_work               10017c83 f   LIBCMT:ftol3.obj
 0001:00016d09       __ftol3_common             10017d09 f   LIBCMT:ftol3.obj
 0001:00016dcb       __ftol3_arg_error          10017dcb f   LIBCMT:ftol3.obj
 0001:00016ddd       __ftol3_except             10017ddd f   LIBCMT:ftol3.obj
 0001:00016e21       __dtoui3                   10017e21 f   LIBCMT:ftol3.obj
 0001:00016e30       __dtoul3                   10017e30 f   LIBCMT:ftol3.obj
 0001:00016e3f       __dtol3                    10017e3f f   LIBCMT:ftol3.obj
 0001:00016e4c       __dtol3_NaN                10017e4c f   LIBCMT:ftol3.obj
 0001:00016e69       __dtol3_work               10017e69 f   LIBCMT:ftol3.obj
 0001:00016f50       __ultod3                   10017f50 f   LIBCMT:ftol3.obj
 0001:00016f90       __ltod3                    10017f90 f   LIBCMT:ftol3.obj
 0001:00017094       ___raise_securityfailure   10018094 f   LIBCMT:gs_report.obj
 0001:000170c6       ___report_gsfailure        100180c6 f   LIBCMT:gs_report.obj
 0001:000171fd       ___report_rangecheckfailure 100181fd f   LIBCMT:gs_report.obj
 0001:0001720c       ___report_securityfailure  1001820c f   LIBCMT:gs_report.obj
 0001:0001730d       ___report_securityfailureEx 1001830d f   LIBCMT:gs_report.obj
 0001:00017466       @__security_check_cookie@4 10018466 f   LIBCMT:secchk.obj
 0001:0001747b       ___isa_available_init      1001847b f   LIBCMT:cpu_disp.obj
 0001:00017a5c       __CRT_INIT@12              10018a5c f   LIBCMT:dll_dllmain.obj
 0001:00017a67       __DllMainCRTStartup@12     10018a67 f   LIBCMT:dll_dllmain.obj
 0001:00017af2       ___security_init_cookie    10018af2 f   LIBCMT:gs_support.obj
 0001:00017b4f       ?__scrt_initialize_type_info@@YAXXZ 10018b4f f   LIBCMT:tncleanup.obj
 0001:00017b5e       ?__scrt_uninitialize_type_info@@YAXXZ 10018b5e f   LIBCMT:tncleanup.obj
 0001:00017b6d       ___local_stdio_scanf_options 10018b6d f i LIBCMT:default_local_stdio_options.obj
 0001:00017b73       ___scrt_initialize_default_local_stdio_options 10018b73 f   LIBCMT:default_local_stdio_options.obj
 0001:00017b97       ??$__crt_fast_decode_pointer@PAP6AXXZ@@YAPAP6AXXZQAP6AXXZ@Z 10018b97 f i LIBCMT:utility.obj
 0001:00017bb0       ??$__crt_fast_encode_pointer@PAP6AXXZ@@YAPAP6AXXZQAP6AXXZ@Z 10018bb0 f i LIBCMT:utility.obj
 0001:00017bd4       ?__crt_rotate_pointer_value@@YAIIH@Z 10018bd4 f i LIBCMT:utility.obj
 0001:00017be4       ?configure_argv@__scrt_narrow_argv_policy@@SAHXZ 10018be4 f i LIBCMT:utility.obj
 0001:00017c49       ?initialize_environment@__scrt_narrow_environment_policy@@SAHXZ 10018c49 f i LIBCMT:utility.obj
 0001:00017c8f       _NtCurrentTeb              10018c8f f i LIBCMT:utility.obj
 0001:00017c96       ___scrt_acquire_startup_lock 10018c96 f   LIBCMT:utility.obj
 0001:00017cd4       ___scrt_dllmain_after_initialize_c 10018cd4 f   LIBCMT:utility.obj
 0001:00017d09       ___scrt_dllmain_before_initialize_c 10018d09 f   LIBCMT:utility.obj
 0001:00017d1a       ___scrt_dllmain_crt_thread_attach 10018d1a f   LIBCMT:utility.obj
 0001:00017d40       ___scrt_dllmain_crt_thread_detach 10018d40 f   LIBCMT:utility.obj
 0001:00017d50       ___scrt_dllmain_exception_filter 10018d50 f   LIBCMT:utility.obj
 0001:00017d91       ___scrt_dllmain_uninitialize_c 10018d91 f   LIBCMT:utility.obj
 0001:00017dbc       ___scrt_dllmain_uninitialize_critical 10018dbc f   LIBCMT:utility.obj
 0001:00017dcc       ___scrt_initialize_crt     10018dcc f   LIBCMT:utility.obj
 0001:00017e13       ___scrt_initialize_onexit_tables 10018e13 f   LIBCMT:utility.obj
 0001:00017ee1       ___scrt_is_nonwritable_in_current_image 10018ee1 f   LIBCMT:utility.obj
 0001:00017f9a       ___scrt_release_startup_lock 10018f9a f   LIBCMT:utility.obj
 0001:00017fbe       ___scrt_uninitialize_crt   10018fbe f   LIBCMT:utility.obj
 0001:00017ff0       __onexit                   10018ff0 f   LIBCMT:utility.obj
 0001:00018039       _at_quick_exit             10019039 f   LIBCMT:utility.obj
 0001:00018076       _atexit                    10019076 f   LIBCMT:utility.obj
 0001:00018090       ___scrt_get_dyn_tls_init_callback 10019090 f   LIBCMT:dyn_tls_init.obj
 0001:00018096       ___scrt_fastfail           10019096 f   LIBCMT:utility_desktop.obj
 0001:000181f6       ___scrt_get_show_window_mode 100191f6 f   LIBCMT:utility_desktop.obj
 0001:00018233       ___scrt_initialize_mta     10019233 f   LIBCMT:utility_desktop.obj
 0001:00018238       ___scrt_initialize_winrt   10019238 f   LIBCMT:utility_desktop.obj
 0001:0001823b       ___scrt_is_managed_app     1001923b f   LIBCMT:utility_desktop.obj
 0001:0001828e       ___scrt_set_unhandled_exception_filter 1001928e f   LIBCMT:utility_desktop.obj
 0001:0001829d       ___scrt_stub_for_initialize_mta 1001929d f   LIBCMT:utility_desktop.obj
 0001:0001829d       ___scrt_exe_initialize_mta 1001929d f   LIBCMT:utility_desktop.obj
 0001:000182a0       ___scrt_unhandled_exception_filter@4 100192a0 f   LIBCMT:utility_desktop.obj
 0001:000182f1       __crt_debugger_hook        100192f1 f   LIBCMT:utility_desktop.obj
 0001:000182fb       __RTC_Initialize           100192fb f   LIBCMT:initsect.obj
 0001:00018332       __RTC_Terminate            10019332 f   LIBCMT:initsect.obj
 0001:00018370       __SEH_prolog4              10019370 f   LIBCMT:sehprolg4.obj
 0001:000183b6       __SEH_epilog4              100193b6 f   LIBCMT:sehprolg4.obj
 0001:000183e1       @_guard_check_icall_nop@4  100193e1 f i LIBCMT:guard_support.obj
 0001:000183e2       _ReadNoFence               100193e2 f i LIBCMT:guard_support.obj
 0001:000183ee       _ReadPointerNoFence        100193ee f i LIBCMT:guard_support.obj
 0001:000183fa       __guard_icall_checks_enforced 100193fa f i LIBCMT:guard_support.obj
 0001:00018410       __get_startup_argv_mode    10019410 f   LIBCMT:argv_mode.obj
 0001:00018414       ___scrt_is_ucrt_dll_in_use 10019414 f   LIBCMT:ucrt_detection.obj
 0001:00018423       _GetModuleHandleA@4        10019423 f   kernel32:KERNEL32.dll
 0001:00018429       _GetProcAddress@8          10019429 f   kernel32:KERNEL32.dll
 0001:0001842f       _UnhandledExceptionFilter@4 1001942f f   kernel32:KERNEL32.dll
 0001:00018435       _SetUnhandledExceptionFilter@4 10019435 f   kernel32:KERNEL32.dll
 0001:0001843b       _GetCurrentProcess@0       1001943b f   kernel32:KERNEL32.dll
 0001:00018441       _TerminateProcess@8        10019441 f   kernel32:KERNEL32.dll
 0001:00018447       _IsProcessorFeaturePresent@4 10019447 f   kernel32:KERNEL32.dll
 0001:0001844d       _QueryPerformanceCounter@4 1001944d f   kernel32:KERNEL32.dll
 0001:00018453       _GetCurrentProcessId@0     10019453 f   kernel32:KERNEL32.dll
 0001:00018459       _GetCurrentThreadId@0      10019459 f   kernel32:KERNEL32.dll
 0001:0001845f       _GetSystemTimeAsFileTime@4 1001945f f   kernel32:KERNEL32.dll
 0001:00018465       _InitializeSListHead@4     10019465 f   kernel32:KERNEL32.dll
 0001:0001846b       _IsDebuggerPresent@0       1001946b f   kernel32:KERNEL32.dll
 0001:00018471       _GetStartupInfoW@4         10019471 f   kernel32:KERNEL32.dll
 0001:00018477       _GetModuleHandleW@4        10019477 f   kernel32:KERNEL32.dll
 0001:00018480       _memset                    10019480 f   libvcruntime:memset.obj
 0001:00018630       _memcpy                    10019630 f   libvcruntime:memcpy.obj
 0001:00018d10       _strchr                    10019d10 f   libvcruntime:strchr.obj
 0001:00018d7e       ___from_strstr_to_strchr   10019d7e     libvcruntime:strchr.obj
 0001:00018e90       _memmove                   10019e90 f   libvcruntime:memmove.obj
 0001:000195b0       __except_handler4          1001a5b0 f   libvcruntime:chandler4.obj
 0001:0001976c       ??$?RD@__crt_internal_free_policy@@QBEXQBD@Z 1001a76c f i libvcruntime:std_type_info.obj
 0001:00019780       ??$?RX@__crt_internal_free_policy@@QBEXQBX@Z 1001a780 f i libvcruntime:std_type_info.obj
 0001:00019794       ??$__crt_interlocked_compare_exchange_pointer@$$CBDPAD$$T@@YAPBDPDSBDQAD$$T@Z 1001a794 f i libvcruntime:std_type_info.obj
 0001:000197aa       ??$__crt_interlocked_read_pointer@$$CBD@@YAPBDPDSBD@Z 1001a7aa f i libvcruntime:std_type_info.obj
 0001:000197b6       ??0?$__crt_unique_heap_ptr@DU__crt_internal_free_policy@@@@QAE@QAD@Z 1001a7b6 f i libvcruntime:std_type_info.obj
 0001:000197c7       ??0?$__crt_unique_heap_ptr@XU__crt_internal_free_policy@@@@QAE@QAX@Z 1001a7c7 f i libvcruntime:std_type_info.obj
 0001:000197d8       ??1?$__crt_unique_heap_ptr@DU__crt_internal_free_policy@@@@QAE@XZ 1001a7d8 f i libvcruntime:std_type_info.obj
 0001:000197ec       ??1?$__crt_unique_heap_ptr@XU__crt_internal_free_policy@@@@QAE@XZ 1001a7ec f i libvcruntime:std_type_info.obj
 0001:0001980c       ??B?$__crt_unique_heap_ptr@DU__crt_internal_free_policy@@@@QBE_NXZ 1001a80c f i libvcruntime:std_type_info.obj
 0001:00019813       ??B?$__crt_unique_heap_ptr@XU__crt_internal_free_policy@@@@QBE_NXZ 1001a813 f i libvcruntime:std_type_info.obj
 0001:00019842       ?__crt_interlocked_read_32@@YAHPDH@Z 1001a842 f i libvcruntime:std_type_info.obj
 0001:0001984e       ?detach@?$__crt_unique_heap_ptr@XU__crt_internal_free_policy@@@@QAEPAXXZ 1001a84e f i libvcruntime:std_type_info.obj
 0001:00019854       ?get@?$__crt_unique_heap_ptr@DU__crt_internal_free_policy@@@@QBEPADXZ 1001a854 f i libvcruntime:std_type_info.obj
 0001:00019857       ?get@?$__crt_unique_heap_ptr@XU__crt_internal_free_policy@@@@QBEPAXXZ 1001a857 f i libvcruntime:std_type_info.obj
 0001:0001985a       ?is_valid@?$__crt_unique_heap_ptr@DU__crt_internal_free_policy@@@@QBE_NXZ 1001a85a f i libvcruntime:std_type_info.obj
 0001:00019861       ?is_valid@?$__crt_unique_heap_ptr@XU__crt_internal_free_policy@@@@QBE_NXZ 1001a861 f i libvcruntime:std_type_info.obj
 0001:00019868       ?release@?$__crt_unique_heap_ptr@DU__crt_internal_free_policy@@@@QAEXXZ 1001a868 f i libvcruntime:std_type_info.obj
 0001:0001987c       ?release@?$__crt_unique_heap_ptr@XU__crt_internal_free_policy@@@@QAEXXZ 1001a87c f i libvcruntime:std_type_info.obj
 0001:00019890       ___std_type_info_compare   1001a890 f   libvcruntime:std_type_info.obj
 0001:000198db       ___std_type_info_destroy_list 1001a8db f   libvcruntime:std_type_info.obj
 0001:00019906       ___std_type_info_hash      1001a906 f   libvcruntime:std_type_info.obj
 0001:00019935       ___std_type_info_name      1001a935 f   libvcruntime:std_type_info.obj
 0001:00019a28       ___vcrt_initialize         1001aa28 f   libvcruntime:initialization.obj
 0001:00019a5b       ___vcrt_thread_attach      1001aa5b f   libvcruntime:initialization.obj
 0001:00019a68       ___vcrt_thread_detach      1001aa68 f   libvcruntime:initialization.obj
 0001:00019a75       ___vcrt_uninitialize       1001aa75 f   libvcruntime:initialization.obj
 0001:00019a9b       ___vcrt_uninitialize_critical 1001aa9b f   libvcruntime:initialization.obj
 0001:00019ab0       __local_unwind4            1001aab0 f   libvcruntime:exsup4.obj
 0001:00019b88       __seh_longjmp_unwind4@4    1001ab88 f   libvcruntime:exsup4.obj
 0001:00019bb0       @_EH4_CallFilterFunc@8     1001abb0 f   libvcruntime:exsup4.obj
 0001:00019bc8       @_EH4_TransferToHandler@8  1001abc8 f   libvcruntime:exsup4.obj
 0001:00019be4       @_EH4_GlobalUnwind2@8      1001abe4 f   libvcruntime:exsup4.obj
 0001:00019c00       @_EH4_LocalUnwind@16       1001ac00 f   libvcruntime:exsup4.obj
 0001:00019c7d       ___except_validate_context_record 1001ac7d f   libvcruntime:jbcxrval.obj
 0001:00019cb9       ___except_validate_jump_buffer 1001acb9 f   libvcruntime:jbcxrval.obj
 0001:00019cf1       ___except_validate_jump_buffer_common 1001acf1 f i libvcruntime:jbcxrval.obj
 0001:00019d38       ??0Block@_HeapManager@@QAE@XZ 1001ad38 f i libvcruntime:undname.obj
 0001:00019d3e       ??0DName@@QAE@AAPBDD@Z     1001ad3e f   libvcruntime:undname.obj
 0001:00019e1c       ??0DName@@QAE@ABV0@@Z      1001ae1c f i libvcruntime:undname.obj
 0001:00019e37       ??0DName@@QAE@D@Z          1001ae37 f   libvcruntime:undname.obj
 0001:00019e65       ??0DName@@QAE@PAV0@@Z      1001ae65 f   libvcruntime:undname.obj
 0001:00019ebf       ??0DName@@QAE@PBD@Z        1001aebf f   libvcruntime:undname.obj
 0001:00019efe       ??0DName@@QAE@W4DNameStatus@@@Z 1001aefe f   libvcruntime:undname.obj
 0001:00019f4e       ??0DName@@QAE@XZ           1001af4e f i libvcruntime:undname.obj
 0001:00019f5a       ??0DName@@QAE@_J@Z         1001af5a f   libvcruntime:undname.obj
 0001:0001a009       ??0DName@@QAE@_K@Z         1001b009 f   libvcruntime:undname.obj
 0001:0001a088       ??0DNameNode@@IAE@XZ       1001b088 f i libvcruntime:undname.obj
 0001:0001a093       ??0Replicator@@QAE@XZ      1001b093 f i libvcruntime:undname.obj
 0001:0001a0a4       ??0UnDecorator@@QAE@PBDP6APADJ@ZK@Z 1001b0a4 f i libvcruntime:undname.obj
 0001:0001a103       ??0charNode@@QAE@D@Z       1001b103 f i libvcruntime:undname.obj
 0001:0001a11d       ??0pDNameNode@@QAE@PAVDName@@@Z 1001b11d f   libvcruntime:undname.obj
 0001:0001a14f       ??0pairNode@@QAE@PBVDNameNode@@0@Z 1001b14f f i libvcruntime:undname.obj
 0001:0001a175       ??0pcharNode@@QAE@PBDH@Z   1001b175 f   libvcruntime:undname.obj
 0001:0001a1eb       ??2@YAPAXIAAV_HeapManager@@H@Z 1001b1eb f i libvcruntime:undname.obj
 0001:0001a205       ??4DName@@QAEAAV0@ABV0@@Z  1001b205 f   libvcruntime:undname.obj
 0001:0001a220       ??4DName@@QAEAAV0@D@Z      1001b220 f i libvcruntime:undname.obj
 0001:0001a24e       ??4DName@@QAEAAV0@PAV0@@Z  1001b24e f   libvcruntime:undname.obj
 0001:0001a2a0       ??4DName@@QAEAAV0@PBD@Z    1001b2a0 f   libvcruntime:undname.obj
 0001:0001a2d5       ??4DName@@QAEAAV0@W4DNameStatus@@@Z 1001b2d5 f   libvcruntime:undname.obj
 0001:0001a313       ??AReplicator@@QBE?AVDName@@H@Z 1001b313 f   libvcruntime:undname.obj
 0001:0001a36a       ??H@YA?AVDName@@DABV0@@Z   1001b36a f i libvcruntime:undname.obj
 0001:0001a394       ??H@YA?AVDName@@PBDABV0@@Z 1001b394 f i libvcruntime:undname.obj
 0001:0001a3be       ??H@YA?AVDName@@W4DNameStatus@@ABV0@@Z 1001b3be f i libvcruntime:undname.obj
 0001:0001a3e8       ??HDName@@QBE?AV0@ABV0@@Z  1001b3e8 f   libvcruntime:undname.obj
 0001:0001a412       ??HDName@@QBE?AV0@D@Z      1001b412 f   libvcruntime:undname.obj
 0001:0001a43c       ??HDName@@QBE?AV0@PAV0@@Z  1001b43c f   libvcruntime:undname.obj
 0001:0001a466       ??HDName@@QBE?AV0@PBD@Z    1001b466 f   libvcruntime:undname.obj
 0001:0001a490       ??HDName@@QBE?AV0@W4DNameStatus@@@Z 1001b490 f   libvcruntime:undname.obj
 0001:0001a4ba       ??YDName@@QAEAAV0@ABV0@@Z  1001b4ba f   libvcruntime:undname.obj
 0001:0001a50b       ??YDName@@QAEAAV0@D@Z      1001b50b f   libvcruntime:undname.obj
 0001:0001a56f       ??YDName@@QAEAAV0@PAV0@@Z  1001b56f f   libvcruntime:undname.obj
 0001:0001a5ed       ??YDName@@QAEAAV0@PBD@Z    1001b5ed f   libvcruntime:undname.obj
 0001:0001a666       ??YDName@@QAEAAV0@W4DNameStatus@@@Z 1001b666 f   libvcruntime:undname.obj
 0001:0001a6b6       ??YReplicator@@QAEAAV0@ABVDName@@@Z 1001b6b6 f   libvcruntime:undname.obj
 0001:0001a712       ??_5DName@@QAEAAV0@ABV0@@Z 1001b712 f   libvcruntime:undname.obj
 0001:0001a735       ?Constructor@_HeapManager@@QAEXP6APAXI@ZP6AXPAX@Z@Z 1001b735 f i libvcruntime:undname.obj
 0001:0001a759       ?Destructor@_HeapManager@@QAEXXZ 1001b759 f i libvcruntime:undname.obj
 0001:0001a79f       ?UScore@UnDecorator@@SAPBDW4Tokens@@@Z 1001b79f f   libvcruntime:undname.obj
 0001:0001a7c5       ?append@DName@@AAEXPBVDNameNode@@@Z 1001b7c5 f   libvcruntime:undname.obj
 0001:0001a81c       ?composeDeclaration@UnDecorator@@CA?AVDName@@ABV2@@Z 1001b81c f i libvcruntime:undname.obj
 0001:0001b830       ?doAccessSpecifiers@UnDecorator@@SAHXZ 1001c830 f i libvcruntime:undname.obj
 0001:0001b841       ?doAllocationLanguage@UnDecorator@@SAHXZ 1001c841 f i libvcruntime:undname.obj
 0001:0001b852       ?doAllocationModel@UnDecorator@@SAHXZ 1001c852 f i libvcruntime:undname.obj
 0001:0001b863       ?doEcsu@UnDecorator@@SAHXZ 1001c863 f i libvcruntime:undname.obj
 0001:0001b874       ?doEllipsis@UnDecorator@@SAHXZ 1001c874 f i libvcruntime:undname.obj
 0001:0001b885       ?doFunctionReturns@UnDecorator@@SAHXZ 1001c885 f i libvcruntime:undname.obj
 0001:0001b896       ?doMSKeywords@UnDecorator@@SAHXZ 1001c896 f i libvcruntime:undname.obj
 0001:0001b8a6       ?doMemberTypes@UnDecorator@@SAHXZ 1001c8a6 f i libvcruntime:undname.obj
 0001:0001b8b7       ?doNameOnly@UnDecorator@@SAHXZ 1001c8b7 f i libvcruntime:undname.obj
 0001:0001b8c4       ?doNoIdentCharCheck@UnDecorator@@SAHXZ 1001c8c4 f i libvcruntime:undname.obj
 0001:0001b8d1       ?doPchar@DName@@AAEXPBDH@Z 1001c8d1 f   libvcruntime:undname.obj
 0001:0001b978       ?doPtr64@UnDecorator@@SAHXZ 1001c978 f i libvcruntime:undname.obj
 0001:0001b989       ?doRestrictionSpec@UnDecorator@@SAHXZ 1001c989 f i libvcruntime:undname.obj
 0001:0001b99a       ?doThisTypes@UnDecorator@@SAHXZ 1001c99a f i libvcruntime:undname.obj
 0001:0001b9b0       ?doThrowTypes@UnDecorator@@SAHXZ 1001c9b0 f i libvcruntime:undname.obj
 0001:0001b9c1       ?doTypeOnly@UnDecorator@@SAHXZ 1001c9c1 f i libvcruntime:undname.obj
 0001:0001b9ce       ?doUnderScore@UnDecorator@@SAHXZ 1001c9ce f i libvcruntime:undname.obj
 0001:0001b9db       ?getArgumentList@UnDecorator@@CA?AVDName@@XZ 1001c9db f   libvcruntime:undname.obj
 0001:0001bb0e       ?getArgumentTypes@UnDecorator@@CA?AVDName@@XZ 1001cb0e f   libvcruntime:undname.obj
 0001:0001bc0a       ?getArrayType@UnDecorator@@CA?AVDName@@ABV2@@Z 1001cc0a f i libvcruntime:undname.obj
 0001:0001be27       ?getBasedType@UnDecorator@@CA?AVDName@@XZ 1001ce27 f   libvcruntime:undname.obj
 0001:0001bee5       ?getBasicDataType@UnDecorator@@CA?AVDName@@ABV2@@Z 1001cee5 f   libvcruntime:undname.obj
 0001:0001c3bb       ?getCHPEName@UnDecorator@@QAEPADPADH@Z 1001d3bb f i libvcruntime:undname.obj
 0001:0001c4d1       ?getCallIndex@UnDecorator@@CA?AVDName@@XZ 1001d4d1 f i libvcruntime:undname.obj
 0001:0001c4ea       ?getCallingConvention@UnDecorator@@CA?AVDName@@XZ 1001d4ea f   libvcruntime:undname.obj
 0001:0001c5f1       ?getDataIndirectType@UnDecorator@@CA?AVDName@@ABV2@PBD0H@Z 1001d5f1 f   libvcruntime:undname.obj
 0001:0001cd55       ?getDataIndirectType@UnDecorator@@CA?AVDName@@XZ 1001dd55 f i libvcruntime:undname.obj
 0001:0001cd93       ?getDataType@UnDecorator@@CA?AVDName@@PAV2@@Z 1001dd93 f   libvcruntime:undname.obj
 0001:0001ce89       ?getDecoratedName@UnDecorator@@CA?AVDName@@XZ 1001de89 f   libvcruntime:undname.obj
 0001:0001d15b       ?getDimension@UnDecorator@@CA?AVDName@@_N@Z 1001e15b f   libvcruntime:undname.obj
 0001:0001d2c1       ?getDispatchTarget@UnDecorator@@CA?AVDName@@XZ 1001e2c1 f   libvcruntime:undname.obj
 0001:0001d32a       ?getDisplacement@UnDecorator@@CA?AVDName@@XZ 1001e32a f i libvcruntime:undname.obj
 0001:0001d343       ?getECSUDataType@UnDecorator@@CA?AVDName@@XZ 1001e343 f   libvcruntime:undname.obj
 0001:0001d4a1       ?getECSUName@UnDecorator@@CA?AVDName@@XZ 1001e4a1 f i libvcruntime:undname.obj
 0001:0001d4b6       ?getEnumType@UnDecorator@@CA?AVDName@@XZ 1001e4b6 f i libvcruntime:undname.obj
 0001:0001d5e2       ?getExtendedDataIndirectType@UnDecorator@@CA?AVDName@@AAPBDAA_NH@Z 1001e5e2 f   libvcruntime:undname.obj
 0001:0001d806       ?getExternalDataType@UnDecorator@@CA?AVDName@@ABV2@@Z 1001e806 f i libvcruntime:undname.obj
 0001:0001d886       ?getFunctionIndirectType@UnDecorator@@CA?AVDName@@ABV2@@Z 1001e886 f   libvcruntime:undname.obj
 0001:0001dd54       ?getGuardNumber@UnDecorator@@CA?AVDName@@XZ 1001ed54 f i libvcruntime:undname.obj
 0001:0001dd6d       ?getLastChar@DName@@QBEDXZ 1001ed6d f i libvcruntime:undname.obj
 0001:0001dd95       ?getLastChar@DNameStatusNode@@UBEDXZ 1001ed95 f i libvcruntime:undname.obj
 0001:0001dda4       ?getLastChar@charNode@@UBEDXZ 1001eda4 f i libvcruntime:undname.obj
 0001:0001dda8       ?getLastChar@pDNameNode@@UBEDXZ 1001eda8 f i libvcruntime:undname.obj
 0001:0001ddb9       ?getLastChar@pairNode@@UBEDXZ 1001edb9 f i libvcruntime:undname.obj
 0001:0001ddfb       ?getLastChar@pcharNode@@UBEDXZ 1001edfb f i libvcruntime:undname.obj
 0001:0001de11       ?getLexicalFrame@UnDecorator@@CA?AVDName@@XZ 1001ee11 f i libvcruntime:undname.obj
 0001:0001de5f       ?getMemory@_HeapManager@@QAEPAXIH@Z 1001ee5f f   libvcruntime:undname.obj
 0001:0001df07       ?getNoexcept@UnDecorator@@CA?AVDName@@XZ 1001ef07 f   libvcruntime:undname.obj
 0001:0001df5d       ?getNumberOfDimensions@UnDecorator@@CAHXZ 1001ef5d f   libvcruntime:undname.obj
 0001:0001dfd6       ?getOperatorName@UnDecorator@@CA?AVDName@@_NPA_N@Z 1001efd6 f i libvcruntime:undname.obj
 0001:0001e7c4       ?getPointerType@UnDecorator@@CA?AVDName@@ABV2@0@Z 1001f7c4 f i libvcruntime:undname.obj
 0001:0001e7e9       ?getPointerTypeArray@UnDecorator@@CA?AVDName@@ABV2@0@Z 1001f7e9 f i libvcruntime:undname.obj
 0001:0001e80e       ?getPrimaryDataType@UnDecorator@@CA?AVDName@@ABV2@@Z 1001f80e f   libvcruntime:undname.obj
 0001:0001ea6b       ?getPtrRefDataType@UnDecorator@@CA?AVDName@@ABV2@H@Z 1001fa6b f   libvcruntime:undname.obj
 0001:0001ebde       ?getPtrRefType@UnDecorator@@CA?AVDName@@ABV2@0PBD@Z 1001fbde f   libvcruntime:undname.obj
 0001:0001ed16       ?getReferenceType@UnDecorator@@CA?AVDName@@ABV2@0PBD@Z 1001fd16 f i libvcruntime:undname.obj
 0001:0001ed39       ?getRestrictionSpec@UnDecorator@@CA?AVDName@@XZ 1001fd39 f   libvcruntime:undname.obj
 0001:0001ee70       ?getReturnType@UnDecorator@@CA?AVDName@@PAV2@@Z 1001fe70 f   libvcruntime:undname.obj
 0001:0001eeaa       ?getScope@UnDecorator@@CA?AVDName@@XZ 1001feaa f   libvcruntime:undname.obj
 0001:0001f323       ?getScopedName@UnDecorator@@CA?AVDName@@XZ 10020323 f   libvcruntime:undname.obj
 0001:0001f42c       ?getSignedDimension@UnDecorator@@CA?AVDName@@XZ 1002042c f   libvcruntime:undname.obj
 0001:0001f491       ?getStorageConvention@UnDecorator@@CA?AVDName@@XZ 10020491 f i libvcruntime:undname.obj
 0001:0001f4a6       ?getString@DName@@QBEPADPAD0@Z 100204a6 f i libvcruntime:undname.obj
 0001:0001f4de       ?getString@DName@@QBEPADPADH@Z 100204de f i libvcruntime:undname.obj
 0001:0001f549       ?getString@DNameStatusNode@@UBEPADPAD0@Z 10020549 f i libvcruntime:undname.obj
 0001:0001f579       ?getString@charNode@@UBEPADPAD0@Z 10020579 f i libvcruntime:undname.obj
 0001:0001f593       ?getString@pDNameNode@@UBEPADPAD0@Z 10020593 f i libvcruntime:undname.obj
 0001:0001f5af       ?getString@pairNode@@UBEPADPAD0@Z 100205af f i libvcruntime:undname.obj
 0001:0001f606       ?getString@pcharNode@@UBEPADPAD0@Z 10020606 f i libvcruntime:undname.obj
 0001:0001f627       ?getStringEncoding@UnDecorator@@CA?AVDName@@PBDH@Z 10020627 f   libvcruntime:undname.obj
 0001:0001f703       ?getStringHelper@@YAPADPADPBD1H@Z 10020703 f i libvcruntime:undname.obj
 0001:0001f747       ?getSymbolName@UnDecorator@@CA?AVDName@@XZ 10020747 f i libvcruntime:undname.obj
 0001:0001f7a1       ?getTemplateArgumentList@UnDecorator@@CA?AVDName@@XZ 100207a1 f   libvcruntime:undname.obj
 0001:0001fae5       ?getTemplateConstant@UnDecorator@@CA?AVDName@@XZ 10020ae5 f   libvcruntime:undname.obj
 0001:0001fee3       ?getTemplateName@UnDecorator@@CA?AVDName@@_N@Z 10020ee3 f   libvcruntime:undname.obj
 0001:0002009d       ?getThisType@UnDecorator@@CA?AVDName@@XZ 1002109d f i libvcruntime:undname.obj
 0001:000200dc       ?getThrowTypes@UnDecorator@@CA?AVDName@@XZ 100210dc f   libvcruntime:undname.obj
 0001:00020107       ?getTypeEncoding@UnDecorator@@CAHXZ 10021107 f i libvcruntime:undname.obj
 0001:000204f9       ?getUndecoratedName@UnDecorator@@QAEPADPADH@Z 100214f9 f i libvcruntime:undname.obj
 0001:000205ee       ?getVCallThunkType@UnDecorator@@CA?AVDName@@XZ 100215ee f i libvcruntime:undname.obj
 0001:00020646       ?getVbTableType@UnDecorator@@CA?AVDName@@ABV2@@Z 10021646 f i libvcruntime:undname.obj
 0001:00020660       ?getVdispMapType@UnDecorator@@CA?AVDName@@ABV2@@Z 10021660 f i libvcruntime:undname.obj
 0001:000206c9       ?getVfTableType@UnDecorator@@CA?AVDName@@ABV2@@Z 100216c9 f i libvcruntime:undname.obj
 0001:00020884       ?getZName@UnDecorator@@CA?AVDName@@_N0@Z 10021884 f   libvcruntime:undname.obj
 0001:00020b02       ?haveTemplateParameters@UnDecorator@@SAHXZ 10021b02 f i libvcruntime:undname.obj
 0001:00020b0f       ?isArray@DName@@QBEHXZ     10021b0f f i libvcruntime:undname.obj
 0001:00020b1b       ?isComArray@DName@@QBEHXZ  10021b1b f i libvcruntime:undname.obj
 0001:00020b27       ?isEmpty@DName@@QBEHXZ     10021b27 f i libvcruntime:undname.obj
 0001:00020b31       ?isFull@Replicator@@QBEHXZ 10021b31 f i libvcruntime:undname.obj
 0001:00020b3c       ?isNoTE@DName@@QBEHXZ      10021b3c f i libvcruntime:undname.obj
 0001:00020b48       ?isPinPtr@DName@@QBEHXZ    10021b48 f i libvcruntime:undname.obj
 0001:00020b54       ?isPtrRef@DName@@QBEHXZ    10021b54 f i libvcruntime:undname.obj
 0001:00020b60       ?isUDC@DName@@QBEHXZ       10021b60 f i libvcruntime:undname.obj
 0001:00020b75       ?isUDTThunk@DName@@QBEHXZ  10021b75 f i libvcruntime:undname.obj
 0001:00020b8a       ?isVCallThunk@DName@@QBEHXZ 10021b8a f i libvcruntime:undname.obj
 0001:00020b96       ?isValid@DName@@QBEHXZ     10021b96 f i libvcruntime:undname.obj
 0001:00020ba2       ?length@DName@@QBEHXZ      10021ba2 f i libvcruntime:undname.obj
 0001:00020bc8       ?length@DNameStatusNode@@UBEHXZ 10021bc8 f i libvcruntime:undname.obj
 0001:00020bcc       ?length@charNode@@UBEHXZ   10021bcc f i libvcruntime:undname.obj
 0001:00020bd0       ?length@pDNameNode@@UBEHXZ 10021bd0 f i libvcruntime:undname.obj
 0001:00020be1       ?length@pairNode@@UBEHXZ   10021be1 f i libvcruntime:undname.obj
 0001:00020c38       ?length@pcharNode@@UBEHXZ  10021c38 f i libvcruntime:undname.obj
 0001:00020c3c       ?make@DNameStatusNode@@SAPBV1@W4DNameStatus@@@Z 10021c3c f i libvcruntime:undname.obj
 0001:00020c5f       ?parseDecoratedName@UnDecorator@@CA?AVDName@@XZ 10021c5f f   libvcruntime:undname.obj
 0001:00020d88       ?setIsArray@DName@@QAEXXZ  10021d88 f i libvcruntime:undname.obj
 0001:00020d92       ?setIsComArray@DName@@QAEXXZ 10021d92 f i libvcruntime:undname.obj
 0001:00020d9c       ?setIsNoTE@DName@@QAEXXZ   10021d9c f i libvcruntime:undname.obj
 0001:00020da6       ?setIsPinPtr@DName@@QAEXXZ 10021da6 f i libvcruntime:undname.obj
 0001:00020db0       ?setIsUDC@DName@@QAEXXZ    10021db0 f i libvcruntime:undname.obj
 0001:00020dc0       ?setIsVCallThunk@DName@@QAEXXZ 10021dc0 f i libvcruntime:undname.obj
 0001:00020dca       ?setPtrRef@DName@@QAEAAV1@XZ 10021dca f i libvcruntime:undname.obj
 0001:00020dd6       ?status@DName@@QBE?AW4DNameStatus@@XZ 10021dd6 f i libvcruntime:undname.obj
 0001:00020e5b       ___unDName                 10021e5b f   libvcruntime:undname.obj
 0001:00020e86       ___unDNameEx               10021e86 f   libvcruntime:undname.obj
 0001:00020f4c       __vsprintf_s_l             10021f4c f i libvcruntime:undname.obj
 0001:00020f84       _sprintf_s                 10021f84 f i libvcruntime:undname.obj
 0001:00020fa7       _unDNameGenerateCHPE       10021fa7 f   libvcruntime:undname.obj
 0001:0002101a       ??$?RU__vcrt_ptd@@@__crt_internal_free_policy@@QBEXQBU__vcrt_ptd@@@Z 1002201a f i libvcruntime:per_thread_data.obj
 0001:0002102e       ??0?$__crt_unique_heap_ptr@U__vcrt_ptd@@U__crt_internal_free_policy@@@@QAE@QAU__vcrt_ptd@@@Z 1002202e f i libvcruntime:per_thread_data.obj
 0001:00021051       ??1?$__crt_unique_heap_ptr@U__vcrt_ptd@@U__crt_internal_free_policy@@@@QAE@XZ 10022051 f i libvcruntime:per_thread_data.obj
 0001:00021070       ??B?$__crt_unique_heap_ptr@U__vcrt_ptd@@U__crt_internal_free_policy@@@@QBE_NXZ 10022070 f i libvcruntime:per_thread_data.obj
 0001:00021077       ?detach@?$__crt_unique_heap_ptr@U__vcrt_ptd@@U__crt_internal_free_policy@@@@QAEPAU__vcrt_ptd@@XZ 10022077 f i libvcruntime:per_thread_data.obj
 0001:0002107d       ?get@?$__crt_unique_heap_ptr@U__vcrt_ptd@@U__crt_internal_free_policy@@@@QBEPAU__vcrt_ptd@@XZ 1002207d f i libvcruntime:per_thread_data.obj
 0001:00021080       ?is_valid@?$__crt_unique_heap_ptr@U__vcrt_ptd@@U__crt_internal_free_policy@@@@QBE_NXZ 10022080 f i libvcruntime:per_thread_data.obj
 0001:00021087       ?release@?$__crt_unique_heap_ptr@U__vcrt_ptd@@U__crt_internal_free_policy@@@@QAEXXZ 10022087 f i libvcruntime:per_thread_data.obj
 0001:000210bb       ___vcrt_freefls@4          100220bb f   libvcruntime:per_thread_data.obj
 0001:000210de       ___vcrt_freeptd            100220de f   libvcruntime:per_thread_data.obj
 0001:00021121       ___vcrt_getptd             10022121 f   libvcruntime:per_thread_data.obj
 0001:00021132       ___vcrt_getptd_noexit      10022132 f   libvcruntime:per_thread_data.obj
 0001:000211e8       ___vcrt_getptd_noinit      100221e8 f   libvcruntime:per_thread_data.obj
 0001:0002122c       ___vcrt_initialize_ptd     1002222c f   libvcruntime:per_thread_data.obj
 0001:0002126b       ___vcrt_uninitialize_ptd   1002226b f   libvcruntime:per_thread_data.obj
 0001:0002128c       ___vcrt_initialize_locks   1002228c f   libvcruntime:locks.obj
 0001:000212d7       ___vcrt_lock               100222d7 f   libvcruntime:locks.obj
 0001:000212f1       ___vcrt_uninitialize_locks 100222f1 f   libvcruntime:locks.obj
 0001:0002132b       ___vcrt_unlock             1002232b f   libvcruntime:locks.obj
 0001:00021345       ??$?BX@__crt_fast_encoded_nullptr_t@@QBEPAXXZ 10022345 f i libvcruntime:winapi_downlevel.obj
 0001:0002134b       ??$__crt_fast_decode_pointer@PAX@@YAPAXQAX@Z 1002234b f i libvcruntime:winapi_downlevel.obj
 0001:00021364       ??$__crt_fast_encode_pointer@PAX@@YAPAXQAX@Z 10022364 f i libvcruntime:winapi_downlevel.obj
 0001:00021388       ??$__crt_interlocked_exchange_pointer@UHINSTANCE__@@PAU1@@@YAPAUHINSTANCE__@@PDSAU0@QAU0@@Z 10022388 f i libvcruntime:winapi_downlevel.obj
 0001:00021398       ??$__crt_interlocked_exchange_pointer@UHINSTANCE__@@PAX@@YAPAUHINSTANCE__@@PDSAU0@QAX@Z 10022398 f i libvcruntime:winapi_downlevel.obj
 0001:000213a8       ??$__crt_interlocked_exchange_pointer@XPAX@@YAPAXPDSAXQAX@Z 100223a8 f i libvcruntime:winapi_downlevel.obj
 0001:000213b8       ??$__crt_interlocked_read_pointer@UHINSTANCE__@@@@YAPAUHINSTANCE__@@PDSAU0@@Z 100223b8 f i libvcruntime:winapi_downlevel.obj
 0001:000213c4       ??$__crt_interlocked_read_pointer@X@@YAPAXPDSAX@Z 100223c4 f i libvcruntime:winapi_downlevel.obj
 0001:000213d0       ?__crt_fast_encode_pointer@@YA?AU__crt_fast_encoded_nullptr_t@@$$T@Z 100223d0 f i libvcruntime:winapi_downlevel.obj
 0001:00021703       ___vcrt_FlsAlloc           10022703 f   libvcruntime:winapi_downlevel.obj
 0001:0002174c       ___vcrt_FlsFree            1002274c f   libvcruntime:winapi_downlevel.obj
 0001:00021795       ___vcrt_FlsGetValue        10022795 f   libvcruntime:winapi_downlevel.obj
 0001:000217de       ___vcrt_FlsSetValue        100227de f   libvcruntime:winapi_downlevel.obj
 0001:0002182b       ___vcrt_InitializeCriticalSectionEx 1002282b f   libvcruntime:winapi_downlevel.obj
 0001:00021883       ___vcrt_initialize_winapi_thunks 10022883 f   libvcruntime:winapi_downlevel.obj
 0001:000218b6       ___vcrt_uninitialize_winapi_thunks 100228b6 f   libvcruntime:winapi_downlevel.obj
 0001:000218f4       ??$?B$$A6AXXZ@__crt_fast_encoded_nullptr_t@@QBEP6AXXZXZ 100228f4 f i libvcruntime:purevirt_data.obj
 0001:000218fa       ??$__crt_fast_encode_pointer@P6AXXZ@@YAP6AXXZQ6AXXZ@Z 100228fa f i libvcruntime:purevirt_data.obj
 0001:0002191e       ___vcrt_initialize_pure_virtual_call_handler 1002291e f   libvcruntime:purevirt_data.obj
 0001:00021930       __global_unwind2           10022930 f   libvcruntime:exsup.obj
 0001:00021996       __local_unwind2            10022996 f   libvcruntime:exsup.obj
 0001:00021a1a       __abnormal_termination     10022a1a f   libvcruntime:exsup.obj
 0001:00021a40       __NLG_Notify1              10022a40 f   libvcruntime:exsup.obj
 0001:00021a4c       __NLG_Notify               10022a4c f   libvcruntime:exsup.obj
 0001:00021a63       __NLG_Dispatch             10022a63     libvcruntime:exsup.obj
 0001:00021a63       __NLG_Dispatch2            10022a63     libvcruntime:exsup.obj
 0001:00021a6b       __NLG_Call                 10022a6b f   libvcruntime:exsup.obj
 0001:00021a6d       __NLG_Return2              10022a6d     libvcruntime:exsup.obj
 0001:00021abd       ??$__crt_fast_decode_pointer@P6AXXZ@@YAP6AXXZQ6AXXZ@Z 10022abd f i libvcruntime:purevirt.obj
 0001:00021ad6       ??$__crt_interlocked_exchange_pointer@$$A6AXXZP6AXXZ@@YAP6AXXZPDS6AXXZQ6AXXZ@Z 10022ad6 f i libvcruntime:purevirt.obj
 0001:00021ae6       ??$__crt_interlocked_read_pointer@$$A6AXXZ@@YAP6AXXZPDS6AXXZ@Z 10022ae6 f i libvcruntime:purevirt.obj
 0001:00021af2       __get_purecall_handler     10022af2 f   libvcruntime:purevirt.obj
 0001:00021b0c       __purecall                 10022b0c f   libvcruntime:purevirt.obj
 0001:00021b2f       __set_purecall_handler     10022b2f f   libvcruntime:purevirt.obj
 0001:00021b5d       ??$?0AAViterator@TryBlockMap@__FrameHandler3@@AAV012@$0A@@?$pair@Viterator@TryBlockMap@__FrameHandler3@@V123@@std@@QAE@AAViterator@TryBlockMap@__FrameHandler3@@0@Z 10022b5d f i libvcruntime:trnsctrl.obj
 0001:00021b8a       ??$forward@AAViterator@TryBlockMap@__FrameHandler3@@@std@@YAAAViterator@TryBlockMap@__FrameHandler3@@AAV123@@Z 10022b8a f i libvcruntime:trnsctrl.obj
 0001:00021b94       ??0iterator@TryBlockMap@__FrameHandler3@@QAE@AAV12@I@Z 10022b94 f i libvcruntime:trnsctrl.obj
 0001:00021bad       ?GetRangeOfTrysToCheck@__FrameHandler3@@SA?AU?$pair@Viterator@TryBlockMap@__FrameHandler3@@V123@@std@@AAVTryBlockMap@1@HH@Z 10022bad f   libvcruntime:trnsctrl.obj
 0001:00021c4f       ?_CallCatchBlock2@@YAPAXPAUEHRegistrationNode@@PBU_s_FuncInfo@@PAXHK@Z 10022c4f f   libvcruntime:trnsctrl.obj
 0001:00021cc4       ?_CallSETranslator@@YAHPAUEHExceptionRecord@@PAUEHRegistrationNode@@PAX2PBU_s_FuncInfo@@H1@Z 10022cc4 f   libvcruntime:trnsctrl.obj
 0001:00021dd5       ?_JumpToContinuation@@YGXPAXPAUEHRegistrationNode@@@Z 10022dd5 f   libvcruntime:trnsctrl.obj
 0001:00021e11       ?_UnwindNestedFrames@@YGXPAUEHRegistrationNode@@PAUEHExceptionRecord@@@Z 10022e11 f   libvcruntime:trnsctrl.obj
 0001:00021e78       ?getFuncInfo@TryBlockMap@__FrameHandler3@@QAEPBU_s_FuncInfo@@XZ 10022e78 f i libvcruntime:trnsctrl.obj
 0001:00021e7b       __CatchGuardHandler        10022e7b f   libvcruntime:trnsctrl.obj
 0001:00021eb8       __CreateFrameInfo          10022eb8 f   libvcruntime:trnsctrl.obj
 0001:00021ee5       __FindAndUnlinkFrame       10022ee5 f   libvcruntime:trnsctrl.obj
 0001:00021f3b       __TranslatorGuardHandler   10022f3b f   libvcruntime:trnsctrl.obj
 0001:00021fff       ___CxxFrameHandler         10022fff f   libvcruntime:trnsctrl.obj
 0001:00022042       ___CxxFrameHandler2        10023042 f   libvcruntime:trnsctrl.obj
 0001:00022085       ___CxxFrameHandler3        10023085 f   libvcruntime:trnsctrl.obj
 0001:000220c8       ___CxxLongjmpUnwind@4      100230c8 f   libvcruntime:trnsctrl.obj
 0001:000229a9       ??$TypeMatchHelper@V__FrameHandler3@@@@YAHPBU_s_HandlerType@@PBU_s_CatchableType@@PBU_s_ThrowInfo@@@Z 100239a9 f i libvcruntime:frame.obj
 0001:00022a5a       ??$__InternalCxxFrameHandler@V__FrameHandler3@@@@YA?AW4_EXCEPTION_DISPOSITION@@PAUEHExceptionRecord@@PAUEHRegistrationNode@@PAU_CONTEXT@@PAXPBU_s_FuncInfo@@H1E@Z 10023a5a f i libvcruntime:frame.obj
 0001:00022b9c       ??0HandlerMap@__FrameHandler3@@QAE@PBU_s_TryBlockMapEntry@@PAX@Z 10023b9c f i libvcruntime:frame.obj
 0001:00022bb8       ??0TryBlockMap@__FrameHandler3@@QAE@PBU_s_FuncInfo@@PAX@Z 10023bb8 f i libvcruntime:frame.obj
 0001:00022bd1       ??0bad_exception@std@@QAE@ABV01@@Z 10023bd1 f i libvcruntime:frame.obj
 0001:00022bf2       ??0bad_exception@std@@QAE@XZ 10023bf2 f i libvcruntime:frame.obj
 0001:00022c10       ??0exception@std@@QAE@ABV01@@Z 10023c10 f i libvcruntime:frame.obj
 0001:00022c47       ??0exception@std@@QAE@QBDH@Z 10023c47 f i libvcruntime:frame.obj
 0001:00022c6b       ??0iterator@HandlerMap@__FrameHandler3@@QAE@AAV12@I@Z 10023c6b f i libvcruntime:frame.obj
 0001:00022c84       ??1bad_exception@std@@UAE@XZ 10023c84 f i libvcruntime:frame.obj
 0001:00022c99       ??1exception@std@@UAE@XZ   10023c99 f i libvcruntime:frame.obj
 0001:00022cae       ??8iterator@HandlerMap@__FrameHandler3@@QBE_NABV012@@Z 10023cae f i libvcruntime:frame.obj
 0001:00022cc5       ??8type_info@@QBE_NABV0@@Z 10023cc5 f i libvcruntime:frame.obj
 0001:00022ceb       ??9iterator@HandlerMap@__FrameHandler3@@QBE_NABV012@@Z 10023ceb f i libvcruntime:frame.obj
 0001:00022d02       ??Diterator@HandlerMap@__FrameHandler3@@QAEPBU_s_HandlerType@@XZ 10023d02 f i libvcruntime:frame.obj
 0001:00022d11       ??Diterator@TryBlockMap@__FrameHandler3@@QAEPBU_s_TryBlockMapEntry@@XZ 10023d11 f i libvcruntime:frame.obj
 0001:00022d20       ??Eiterator@HandlerMap@__FrameHandler3@@QAEAAV012@XZ 10023d20 f i libvcruntime:frame.obj
 0001:00022d26       ??Eiterator@TryBlockMap@__FrameHandler3@@QAEAAV012@XZ 10023d26 f i libvcruntime:frame.obj
 0001:00022d2c       ??Miterator@TryBlockMap@__FrameHandler3@@QBE_NABV012@@Z 10023d2c f i libvcruntime:frame.obj
 0001:00022d43       ??_Ebad_exception@std@@UAEPAXI@Z 10023d43 f i libvcruntime:frame.obj
 0001:00022d43       ??_Gbad_exception@std@@UAEPAXI@Z 10023d43 f i libvcruntime:frame.obj
 0001:00022d7b       ??_Eexception@std@@UAEPAXI@Z 10023d7b f i libvcruntime:frame.obj
 0001:00022d7b       ??_Gexception@std@@UAEPAXI@Z 10023d7b f i libvcruntime:frame.obj
 0001:00022db3       ?BuildCatchObject@__FrameHandler3@@SAXPAUEHExceptionRecord@@PAXPBU_s_HandlerType@@PBU_s_CatchableType@@@Z 10023db3 f   libvcruntime:frame.obj
 0001:00022db8       ?BuildCatchObjectHelper@__FrameHandler3@@SAHPAUEHExceptionRecord@@PAXPBU_s_HandlerType@@PBU_s_CatchableType@@@Z 10023db8 f   libvcruntime:frame.obj
 0001:0002309c       ?FrameUnwindToEmptyState@__FrameHandler3@@SAXPAUEHRegistrationNode@@PAXPBU_s_FuncInfo@@@Z 1002409c f   libvcruntime:frame.obj
 0001:000230ba       ?FrameUnwindToState@__FrameHandler3@@SAXPAUEHRegistrationNode@@PAXPBU_s_FuncInfo@@H@Z 100240ba f   libvcruntime:frame.obj
 0001:000231dc       ?GetMaxState@__FrameHandler3@@SAHPAXPBU_s_FuncInfo@@@Z 100241dc f i libvcruntime:frame.obj
 0001:000232f0       ?TypeMatch@__FrameHandler3@@SAHPBU_s_HandlerType@@PBU_s_CatchableType@@PBU_s_ThrowInfo@@@Z 100242f0 f   libvcruntime:frame.obj
 0001:000232fb       ?_CallMemberFunction1@@YGXQAX00@Z 100242fb f i libvcruntime:frame.obj
 0001:0002330f       ?_CallMemberFunction2@@YGXQAX00H@Z 1002430f f i libvcruntime:frame.obj
 0001:00023326       ?_ValidateExecute@@YA_NP6GHXZ@Z 10024326 f i libvcruntime:frame.obj
 0001:00023335       ?_ValidateRead@@YA_NPBXI@Z 10024335 f i libvcruntime:frame.obj
 0001:00023344       ?_ValidateWrite@@YA_NPAXI@Z 10024344 f i libvcruntime:frame.obj
 0001:00023353       ?begin@HandlerMap@__FrameHandler3@@QAE?AViterator@12@XZ 10024353 f i libvcruntime:frame.obj
 0001:00023367       ?end@HandlerMap@__FrameHandler3@@QAE?AViterator@12@XZ 10024367 f i libvcruntime:frame.obj
 0001:0002337c       ?getESTypes@__FrameHandler3@@SAPBU_s_ESTypeList@@PBU_s_FuncInfo@@@Z 1002437c f i libvcruntime:frame.obj
 0001:00023389       ?getLastEntry@HandlerMap@__FrameHandler3@@QAEPBU_s_HandlerType@@XZ 10024389 f i libvcruntime:frame.obj
 0001:0002339a       ?getMagicNum@__FrameHandler3@@SAIPBU_s_FuncInfo@@@Z 1002439a f i libvcruntime:frame.obj
 0001:000233ac       ?getNumTryBlocks@TryBlockMap@__FrameHandler3@@QAEIXZ 100243ac f i libvcruntime:frame.obj
 0001:000233b2       ?isEHs@__FrameHandler3@@SA_NPBU_s_FuncInfo@@@Z 100243b2 f i libvcruntime:frame.obj
 0001:000233c2       ?isNoExcept@__FrameHandler3@@SA_NPBU_s_FuncInfo@@@Z 100243c2 f i libvcruntime:frame.obj
 0001:000233d6       ?what@exception@std@@UBEPBDXZ 100243d6 f i libvcruntime:frame.obj
 0001:000233e6       ___BuildCatchObject        100243e6 f   libvcruntime:frame.obj
 0001:000233eb       ___BuildCatchObjectHelper  100243eb f   libvcruntime:frame.obj
 0001:000233f6       ___TypeMatch               100243f6 f   libvcruntime:frame.obj
 0001:00023401       ___vcrt_EncodePointer      10024401 f i libvcruntime:frame.obj
 0001:00023420       __CallSettingFrame@12      10024420 f   libvcruntime:lowhelpr.obj
 0001:00023447       __NLG_Return               10024447     libvcruntime:lowhelpr.obj
 0001:00023498       __get_unexpected           10024498 f   libvcruntime:unexpected.obj
 0001:000234ae       _set_unexpected            100244ae f   libvcruntime:unexpected.obj
 0001:000234d3       _unexpected                100244d3 f   libvcruntime:unexpected.obj
 0001:000234f7       ?GetCurrentState@__FrameHandler3@@SAHPAUEHRegistrationNode@@PAXPBU_s_FuncInfo@@@Z 100244f7 f   libvcruntime:ehstate.obj
 0001:0002351b       ?SetState@__FrameHandler3@@SAXPAUEHRegistrationNode@@PBU_s_FuncInfo@@H@Z 1002451b f   libvcruntime:ehstate.obj
 0001:0002352c       ___DestructExceptionObject 1002452c f   libvcruntime:ehhelpers.obj
 0001:000235f4       ?_CallMemberFunction0@@YGXQAX0@Z 100245f4 f i libvcruntime:ehhelpers.obj
 0001:00023604       ?raw_name@type_info@@QBEPBDXZ 10024604 f i libvcruntime:ehhelpers.obj
 0001:00023608       __IsExceptionObjectToBeDestroyed 10024608 f   libvcruntime:ehhelpers.obj
 0001:00023637       __SetWinRTOutOfMemoryExceptionCallback 10024637 f   libvcruntime:ehhelpers.obj
 0001:00023647       ___AdjustPointer           10024647 f   libvcruntime:ehhelpers.obj
 0001:00023675       ___FrameUnwindFilter       10024675 f   libvcruntime:ehhelpers.obj
 0001:000236cb       ___GetPlatformExceptionInfo 100246cb f   libvcruntime:ehhelpers.obj
 0001:0002372a       ___current_exception       1002472a f   libvcruntime:ehhelpers.obj
 0001:00023735       ___current_exception_context 10024735 f   libvcruntime:ehhelpers.obj
 0001:00023740       ___processing_throw        10024740 f   libvcruntime:ehhelpers.obj
 0001:0002374b       ___std_terminate           1002474b f   libvcruntime:ehhelpers.obj
 0001:00023750       __is_exception_typeof      10024750 f   libvcruntime:ehhelpers.obj
 0001:0002381d       ??$?RD@__crt_public_free_policy@@QBEXQBD@Z 1002481d f i libvcruntime:std_exception.obj
 0001:00023831       ??0?$__crt_unique_heap_ptr@DU__crt_public_free_policy@@@@QAE@QAD@Z 10024831 f i libvcruntime:std_exception.obj
 0001:00023842       ??1?$__crt_unique_heap_ptr@DU__crt_public_free_policy@@@@QAE@XZ 10024842 f i libvcruntime:std_exception.obj
 0001:00023856       ??B?$__crt_unique_heap_ptr@DU__crt_public_free_policy@@@@QBE_NXZ 10024856 f i libvcruntime:std_exception.obj
 0001:0002385d       ?detach@?$__crt_unique_heap_ptr@DU__crt_public_free_policy@@@@QAEPADXZ 1002485d f i libvcruntime:std_exception.obj
 0001:00023863       ?get@?$__crt_unique_heap_ptr@DU__crt_public_free_policy@@@@QBEPADXZ 10024863 f i libvcruntime:std_exception.obj
 0001:00023866       ?is_valid@?$__crt_unique_heap_ptr@DU__crt_public_free_policy@@@@QBE_NXZ 10024866 f i libvcruntime:std_exception.obj
 0001:0002386d       ?release@?$__crt_unique_heap_ptr@DU__crt_public_free_policy@@@@QAEXXZ 1002486d f i libvcruntime:std_exception.obj
 0001:00023881       ___std_exception_copy      10024881 f   libvcruntime:std_exception.obj
 0001:000238fc       ___std_exception_destroy   100248fc f   libvcruntime:std_exception.obj
 0001:00023922       __CxxThrowException@8      10024922 f   libvcruntime:throw.obj
 0001:000239aa       _malloc                    100249aa f   libucrt:malloc.obj
 0001:000239b7       _calloc                    100249b7 f   libucrt:calloc.obj
 0001:000239c4       _free                      100249c4 f   libucrt:free.obj
 0001:000239e8       ??$__crt_interlocked_read@J@@YAJPDJ@Z 100249e8 f i libucrt:assert.obj
 0001:000239f7       ??$__vcrt_va_start_verify_argument_type@QBD@@YAXXZ 100249f7 f i libucrt:assert.obj
 0001:000239f8       ??$__vcrt_va_start_verify_argument_type@QB_W@@YAXXZ 100249f8 f i libucrt:assert.obj
 0001:0002499a       ??$ftprintf@PAU_iobuf@@PBDABQBDABQBDABI@?$__crt_char_traits@D@@SAH$$QAPAU_iobuf@@$$QAPBDABQBD2ABI@Z 1002599a f i libucrt:assert.obj
 0001:000249cc       ??$ftprintf@PAU_iobuf@@PB_WABQB_WABQB_WABI@?$__crt_char_traits@_W@@SAH$$QAPAU_iobuf@@$$QAPB_WABQB_W2ABI@Z 100259cc f i libucrt:assert.obj
 0001:000249fe       ??$get_module_file_name@AAPAUHINSTANCE__@@AAY0BAF@DK@?$__crt_char_traits@D@@SAKAAPAUHINSTANCE__@@AAY0BAF@D$$QAK@Z 100259fe f i libucrt:assert.obj
 0001:00024a21       ??$get_module_file_name@AAPAUHINSTANCE__@@AAY0BAF@_WK@?$__crt_char_traits@_W@@SAKAAPAUHINSTANCE__@@AAY0BAF@_W$$QAK@Z 10025a21 f i libucrt:assert.obj
 0001:00024a41       ??$itot_s@ABIPADIH@?$__crt_char_traits@D@@SAHABI$$QAPAD$$QAI$$QAH@Z 10025a41 f i libucrt:assert.obj
 0001:00024a6c       ??$itot_s@ABIPA_WIH@?$__crt_char_traits@_W@@SAHABI$$QAPA_W$$QAI$$QAH@Z 10025a6c f i libucrt:assert.obj
 0001:00024a97       ??$show_message_box@AAY0CEA@DPBDJ@?$__crt_char_traits@D@@SAHAAY0CEA@D$$QAPBD$$QAJ@Z 10025a97 f i libucrt:assert.obj
 0001:00024aba       ??$show_message_box@AAY0CEA@_WPB_WJ@?$__crt_char_traits@_W@@SAHAAY0CEA@_W$$QAPB_W$$QAJ@Z 10025aba f i libucrt:assert.obj
 0001:00024add       ??$tcscat_s@ABQADABIAAPAD@?$__crt_char_traits@D@@SAHABQADABIAAPAD@Z 10025add f i libucrt:assert.obj
 0001:00024b02       ??$tcscat_s@ABQADABIABQBD@?$__crt_char_traits@D@@SAHABQADABIABQBD@Z 10025b02 f i libucrt:assert.obj
 0001:00024b27       ??$tcscat_s@ABQADABIPBD@?$__crt_char_traits@D@@SAHABQADABI$$QAPBD@Z 10025b27 f i libucrt:assert.obj
 0001:00024b4c       ??$tcscat_s@ABQA_WABIAAPA_W@?$__crt_char_traits@_W@@SAHABQA_WABIAAPA_W@Z 10025b4c f i libucrt:assert.obj
 0001:00024b71       ??$tcscat_s@ABQA_WABIABQB_W@?$__crt_char_traits@_W@@SAHABQA_WABIABQB_W@Z 10025b71 f i libucrt:assert.obj
 0001:00024b96       ??$tcscat_s@ABQA_WABIPB_W@?$__crt_char_traits@_W@@SAHABQA_WABI$$QAPB_W@Z 10025b96 f i libucrt:assert.obj
 0001:00024bbb       ??$tcscpy_s@AAY0BAF@DIPBD@?$__crt_char_traits@D@@SAHAAY0BAF@D$$QAI$$QAPBD@Z 10025bbb f i libucrt:assert.obj
 0001:00024bde       ??$tcscpy_s@AAY0BAF@_WIPB_W@?$__crt_char_traits@_W@@SAHAAY0BAF@_W$$QAI$$QAPB_W@Z 10025bde f i libucrt:assert.obj
 0001:00024c01       ??$tcscpy_s@ABQADABIPBD@?$__crt_char_traits@D@@SAHABQADABI$$QAPBD@Z 10025c01 f i libucrt:assert.obj
 0001:00024c26       ??$tcscpy_s@ABQA_WABIPB_W@?$__crt_char_traits@_W@@SAHABQA_WABI$$QAPB_W@Z 10025c26 f i libucrt:assert.obj
 0001:00024c4b       ??$tcslen@AAY0BAF@D@?$__crt_char_traits@D@@SAIAAY0BAF@D@Z 10025c4b f i libucrt:assert.obj
 0001:00024c66       ??$tcslen@AAY0BAF@_W@?$__crt_char_traits@_W@@SAIAAY0BAF@_W@Z 10025c66 f i libucrt:assert.obj
 0001:00024c89       ??$tcslen@ABQAD@?$__crt_char_traits@D@@SAIABQAD@Z 10025c89 f i libucrt:assert.obj
 0001:00024ca7       ??$tcslen@ABQA_W@?$__crt_char_traits@_W@@SAIABQA_W@Z 10025ca7 f i libucrt:assert.obj
 0001:00024ccc       ??$tcslen@ABQBD@?$__crt_char_traits@D@@SAIABQBD@Z 10025ccc f i libucrt:assert.obj
 0001:00024cea       ??$tcslen@ABQB_W@?$__crt_char_traits@_W@@SAIABQB_W@Z 10025cea f i libucrt:assert.obj
 0001:00024d0f       ??$tcsncat_s@ABQADABIAAPBDI@?$__crt_char_traits@D@@SAHABQADABIAAPBD$$QAI@Z 10025d0f f i libucrt:assert.obj
 0001:00024d3a       ??$tcsncat_s@ABQADABIABQBDABI@?$__crt_char_traits@D@@SAHABQADABIABQBD1@Z 10025d3a f i libucrt:assert.obj
 0001:00024d65       ??$tcsncat_s@ABQADABIPBDI@?$__crt_char_traits@D@@SAHABQADABI$$QAPBD$$QAI@Z 10025d65 f i libucrt:assert.obj
 0001:00024d90       ??$tcsncat_s@ABQA_WABIAAPB_WI@?$__crt_char_traits@_W@@SAHABQA_WABIAAPB_W$$QAI@Z 10025d90 f i libucrt:assert.obj
 0001:00024dbb       ??$tcsncat_s@ABQA_WABIABQB_WABI@?$__crt_char_traits@_W@@SAHABQA_WABIABQB_W1@Z 10025dbb f i libucrt:assert.obj
 0001:00024de6       ??$tcsncat_s@ABQA_WABIPB_WI@?$__crt_char_traits@_W@@SAHABQA_WABI$$QAPB_W$$QAI@Z 10025de6 f i libucrt:assert.obj
 0001:00024e11       ??0__crt_stdio_stream@@QAE@QAU_iobuf@@@Z 10025e11 f i libucrt:assert.obj
 0001:00024f57       ?get_flags@__crt_stdio_stream@@QBEJXZ 10025f57 f i libucrt:assert.obj
 0001:00024fa5       ?has_any_buffer@__crt_stdio_stream@@QBE_NXZ 10025fa5 f i libucrt:assert.obj
 0001:00024fb6       ?has_any_of@__crt_stdio_stream@@QBE_NJ@Z 10025fb6 f i libucrt:assert.obj
 0001:00024fcf       __assert                   10025fcf f   libucrt:assert.obj
 0001:00025029       __invoke_watson_if_error   10026029 f i libucrt:assert.obj
 0001:00025053       __vfwprintf_l              10026053 f i libucrt:assert.obj
 0001:00025081       __vswprintf_c_l            10026081 f i libucrt:assert.obj
 0001:000250bb       __wassert                  100260bb f   libucrt:assert.obj
 0001:00025115       _fwprintf                  10026115 f i libucrt:assert.obj
 0001:000251d7       _swprintf                  100261d7 f i libucrt:assert.obj
 0001:000251fc       _realloc                   100261fc f   libucrt:realloc.obj
 0001:00025209       ??$?B$$A6GXPAXK0@Z@__crt_fast_encoded_nullptr_t@@QBEP6GXPAXK0@ZXZ 10026209 f i libucrt:exit.obj
 0001:000252ac       ??$__crt_fast_decode_pointer@P6GXPAXK0@Z@@YAP6GXPAXK0@ZQ6GX0K0@Z@Z 100262ac f i libucrt:exit.obj
 0001:000252c7       ??$__crt_fast_encode_pointer@P6GXPAXK0@Z@@YAP6GXPAXK0@ZQ6GX0K0@Z@Z 100262c7 f i libucrt:exit.obj
 0001:000252ed       ??$__crt_get_proc_address@P6GXI@Z@@YAP6GXI@ZQAUHINSTANCE__@@QBD@Z 100262ed f i libucrt:exit.obj
 0001:00025353       ??0?$__crt_unique_handle_t@U__crt_hmodule_traits@@@@QAE@QAUHINSTANCE__@@@Z 10026353 f i libucrt:exit.obj
 0001:00025367       ??1?$__crt_unique_handle_t@U__crt_hmodule_traits@@@@QAE@XZ 10026367 f i libucrt:exit.obj
 0001:000254ac       ?__acrt_select_exit_lock@@YA?AW4__acrt_lock_id@@XZ 100264ac f i libucrt:exit.obj
 0001:000254c7       ?close@?$__crt_unique_handle_t@U__crt_hmodule_traits@@@@QAEXXZ 100264c7 f i libucrt:exit.obj
 0001:000254e3       ?close@__crt_hmodule_traits@@SA_NPAUHINSTANCE__@@@Z 100264e3 f i libucrt:exit.obj
 0001:000255ce       ?get@?$__crt_unique_handle_t@U__crt_hmodule_traits@@@@QBEPAUHINSTANCE__@@XZ 100265ce f i libucrt:exit.obj
 0001:000255d1       ?get_address_of@?$__crt_unique_handle_t@U__crt_hmodule_traits@@@@QAEPAPAUHINSTANCE__@@XZ 100265d1 f i libucrt:exit.obj
 0001:000255d4       ?get_invalid_value@__crt_hmodule_traits@@SAPAUHINSTANCE__@@XZ 100265d4 f i libucrt:exit.obj
 0001:000256d5       __Exit                     100266d5 f   libucrt:exit.obj
 0001:000256f0       ___acrt_initialize_thread_local_exit_callback 100266f0 f   libucrt:exit.obj
 0001:00025702       __c_exit                   10026702 f   libucrt:exit.obj
 0001:00025714       __cexit                    10026714 f   libucrt:exit.obj
 0001:00025726       __exit                     10026726 f   libucrt:exit.obj
 0001:00025741       __is_c_termination_complete 10026741 f   libucrt:exit.obj
 0001:00025747       __register_thread_local_exe_atexit_callback 10026747 f   libucrt:exit.obj
 0001:0002578d       _exit                      1002678d f   libucrt:exit.obj
 0001:000257a8       _quick_exit                100267a8 f   libucrt:exit.obj
 0001:000257d0       _strncat                   100267d0 f   libucrt:strncat.obj
 0001:00025960       _strncpy                   10026960 f   libucrt:strncpy.obj
 0001:00025acd       ??$?RPAU__crt_stdio_stream_data@@@__crt_internal_free_policy@@QBEXQBQAU__crt_stdio_stream_data@@@Z 10026acd f i libucrt:_file.obj
 0001:00025ae3       ??0?$__crt_unique_heap_ptr@PAU__crt_stdio_stream_data@@U__crt_internal_free_policy@@@@QAE@QAPAU__crt_stdio_stream_data@@@Z 10026ae3 f i libucrt:_file.obj
 0001:00025af7       ??1?$__crt_unique_heap_ptr@PAU__crt_stdio_stream_data@@U__crt_internal_free_policy@@@@QAE@XZ 10026af7 f i libucrt:_file.obj
 0001:00025b0d       ??C__crt_stdio_stream@@QBEPAU__crt_stdio_stream_data@@XZ 10026b0d f i libucrt:_file.obj
 0001:00025b10       ?detach@?$__crt_unique_heap_ptr@PAU__crt_stdio_stream_data@@U__crt_internal_free_policy@@@@QAEPAPAU__crt_stdio_stream_data@@XZ 10026b10 f i libucrt:_file.obj
 0001:00025b16       ?release@?$__crt_unique_heap_ptr@PAU__crt_stdio_stream_data@@U__crt_internal_free_policy@@@@QAEXXZ 10026b16 f i libucrt:_file.obj
 0001:00025b2c       ___acrt_initialize_stdio   10026b2c f   libucrt:_file.obj
 0001:00025c26       ___acrt_iob_func           10026c26 f   libucrt:_file.obj
 0001:00025c3a       ___acrt_uninitialize_stdio 10026c3a f   libucrt:_file.obj
 0001:00025c99       __get_stream_buffer_pointers 10026c99 f   libucrt:_file.obj
 0001:00025cf0       __lock_file                10026cf0 f   libucrt:_file.obj
 0001:00025d09       __unlock_file              10026d09 f   libucrt:_file.obj
 0001:00025d22       ?is_in_use@__crt_stdio_stream@@QBE_NXZ 10026d22 f i libucrt:fclose.obj
 0001:00025d2f       ?is_string_backed@__crt_stdio_stream@@QBE_NXZ 10026d2f f i libucrt:fclose.obj
 0001:00025d3c       ?public_stream@__crt_stdio_stream@@QBEPAU_iobuf@@XZ 10026d3c f i libucrt:fclose.obj
 0001:00025d3f       ?valid@__crt_stdio_stream@@QBE_NXZ 10026d3f f i libucrt:fclose.obj
 0001:00025d46       __fclose_nolock            10026d46 f   libucrt:fclose.obj
 0001:00025dd9       _fclose                    10026dd9 f   libucrt:fclose.obj
 0001:000260cf       ??$open_file@ABQBDABQBDABHPAU_iobuf@@@?$__crt_char_traits@D@@SAPAU_iobuf@@ABQBD0ABH$$QAPAU1@@Z 100270cf f i libucrt:fopen.obj
 0001:000260fa       ??$open_file@ABQB_WABQB_WABHPAU_iobuf@@@?$__crt_char_traits@_W@@SAPAU_iobuf@@ABQB_W0ABH$$QAPAU1@@Z 100270fa f i libucrt:fopen.obj
 0001:00026125       ?unlock@__crt_stdio_stream@@QBEXXZ 10027125 f i libucrt:fopen.obj
 0001:00026130       __fsopen                   10027130 f   libucrt:fopen.obj
 0001:0002613d       __wfopen                   1002713d f   libucrt:fopen.obj
 0001:00026159       __wfopen_s                 10027159 f   libucrt:fopen.obj
 0001:000261b1       __wfsopen                  100271b1 f   libucrt:fopen.obj
 0001:000261be       _fopen                     100271be f   libucrt:fopen.obj
 0001:000261da       _fopen_s                   100271da f   libucrt:fopen.obj
 0001:00026232       ?__acrt_stdio_reset_buffer@@YAXV__crt_stdio_stream@@@Z 10027232 f i libucrt:fread.obj
 0001:0002624d       ?set_flags@__crt_stdio_stream@@QBE_NJ@Z 1002724d f i libucrt:fread.obj
 0001:0002627a       __fread_nolock             1002727a f   libucrt:fread.obj
 0001:0002629e       __fread_nolock_s           1002729e f   libucrt:fread.obj
 0001:000264ed       _fread                     100274ed f   libucrt:fread.obj
 0001:00026511       _fread_s                   10027511 f   libucrt:fread.obj
 0001:00026756       ??0__acrt_stdio_temporary_buffering_guard@@QAE@QAU_iobuf@@@Z 10027756 f i libucrt:fwrite.obj
 0001:0002677b       ??1__acrt_stdio_temporary_buffering_guard@@QAE@XZ 1002777b f i libucrt:fwrite.obj
 0001:000267f9       ?has_big_buffer@__crt_stdio_stream@@QBE_NXZ 100277f9 f i libucrt:fwrite.obj
 0001:00026806       __fwrite_nolock            10027806 f   libucrt:fwrite.obj
 0001:000269df       _fwrite                    100279df f   libucrt:fwrite.obj
 0001:00026b02       ??$__acrt_mbs_to_wcs_cp@U__crt_win32_buffer_internal_dynamic_resizing@@@@YAHQBDAAV?$__crt_win32_buffer@_WU__crt_win32_buffer_internal_dynamic_resizing@@@@I@Z 10027b02 f i libucrt:unlink.obj
 0001:00026b28       ??0?$__crt_win32_buffer@_WU__crt_win32_buffer_internal_dynamic_resizing@@@@QAE@XZ 10027b28 f i libucrt:unlink.obj
 0001:00026b43       ??0_LocaleUpdate@@QAE@QAU__crt_locale_pointers@@@Z 10027b43 f i libucrt:unlink.obj
 0001:00026be6       ??1?$__crt_win32_buffer@_WU__crt_win32_buffer_internal_dynamic_resizing@@@@QAE@XZ 10027be6 f i libucrt:unlink.obj
 0001:00026beb       ??1_LocaleUpdate@@QAE@XZ   10027beb f i libucrt:unlink.obj
 0001:00026c28       ?GetLocaleT@_LocaleUpdate@@QAEPAU__crt_locale_pointers@@XZ 10027c28 f i libucrt:unlink.obj
 0001:00026c2c       ?__acrt_get_utf8_acp_compatibility_codepage@@YAIXZ 10027c2c f i libucrt:unlink.obj
 0001:00026c7d       ?_deallocate@?$__crt_win32_buffer@_WU__crt_win32_buffer_internal_dynamic_resizing@@@@AAEXXZ 10027c7d f i libucrt:unlink.obj
 0001:00026c9d       ?allocate@?$__crt_win32_buffer@_WU__crt_win32_buffer_internal_dynamic_resizing@@@@QAEHI@Z 10027c9d f i libucrt:unlink.obj
 0001:00026ceb       ?allocate@__crt_win32_buffer_internal_dynamic_resizing@@SAHQAPAXIABV__crt_win32_buffer_empty_debug_info@@@Z 10027ceb f i libucrt:unlink.obj
 0001:00026d11       ?capacity@?$__crt_win32_buffer@_WU__crt_win32_buffer_internal_dynamic_resizing@@@@QBEIXZ 10027d11 f i libucrt:unlink.obj
 0001:00026d15       ?data@?$__crt_win32_buffer@_WU__crt_win32_buffer_internal_dynamic_resizing@@@@QAEPA_WXZ 10027d15 f i libucrt:unlink.obj
 0001:00026d19       ?deallocate@__crt_win32_buffer_internal_dynamic_resizing@@SAXQAXABV__crt_win32_buffer_empty_debug_info@@@Z 10027d19 f i libucrt:unlink.obj
 0001:00026d2d       ?debug_info@?$__crt_win32_buffer@_WU__crt_win32_buffer_internal_dynamic_resizing@@@@QBEABV__crt_win32_buffer_empty_debug_info@@XZ 10027d2d f i libucrt:unlink.obj
 0001:00026d30       ?size@?$__crt_win32_buffer@_WU__crt_win32_buffer_internal_dynamic_resizing@@@@QAEXI@Z 10027d30 f i libucrt:unlink.obj
 0001:00026d42       ___acrt_locale_changed     10027d42 f i libucrt:unlink.obj
 0001:00026d4f       __unlink                   10027d4f f   libucrt:unlink.obj
 0001:00026d5c       _remove                    10027d5c f   libucrt:unlink.obj
 0001:00026de3       ?has_all_of@__crt_stdio_stream@@QBE_NJ@Z 10027de3 f i libucrt:rewind.obj
 0001:00026dff       ?unset_flags@__crt_stdio_stream@@QBE_NJ@Z 10027dff f i libucrt:rewind.obj
 0001:00026e32       _rewind                    10027e32 f   libucrt:rewind.obj
 0001:00026f24       ??$?0ABV?$stream_output_adapter@D@__crt_stdio_output@@AB_KABQBDABQAU__crt_locale_pointers@@ABQAD@?$format_validation_base@DV?$stream_output_adapter@D@__crt_stdio_output@@@__crt_stdio_output@@IAE@ABV?$stream_output_adapter@D@1@AB_KABQBDABQAU__crt_locale_pointers@@ABQAD@Z 10027f24 f i libucrt:output.obj
 0001:00026f4f       ??$?0ABV?$stream_output_adapter@D@__crt_stdio_output@@AB_KABQBDABQAU__crt_locale_pointers@@ABQAD@?$positional_parameter_base@DV?$stream_output_adapter@D@__crt_stdio_output@@@__crt_stdio_output@@IAE@ABV?$stream_output_adapter@D@1@AB_KABQBDABQAU__crt_locale_pointers@@ABQAD@Z 10027f4f f i libucrt:output.obj
 0001:00026fa9       ??$?0ABV?$stream_output_adapter@D@__crt_stdio_output@@AB_KABQBDABQAU__crt_locale_pointers@@ABQAD@?$standard_base@DV?$stream_output_adapter@D@__crt_stdio_output@@@__crt_stdio_output@@IAE@ABV?$stream_output_adapter@D@1@AB_KABQBDABQAU__crt_locale_pointers@@ABQAD@Z 10027fa9 f i libucrt:output.obj
 0001:00026feb       ??$?0ABV?$stream_output_adapter@_W@__crt_stdio_output@@AB_KABQB_WABQAU__crt_locale_pointers@@ABQAD@?$format_validation_base@_WV?$stream_output_adapter@_W@__crt_stdio_output@@@__crt_stdio_output@@IAE@ABV?$stream_output_adapter@_W@1@AB_KABQB_WABQAU__crt_locale_pointers@@ABQAD@Z 10027feb f i libucrt:output.obj
 0001:00027016       ??$?0ABV?$stream_output_adapter@_W@__crt_stdio_output@@AB_KABQB_WABQAU__crt_locale_pointers@@ABQAD@?$positional_parameter_base@_WV?$stream_output_adapter@_W@__crt_stdio_output@@@__crt_stdio_output@@IAE@ABV?$stream_output_adapter@_W@1@AB_KABQB_WABQAU__crt_locale_pointers@@ABQAD@Z 10028016 f i libucrt:output.obj
 0001:00027070       ??$?0ABV?$stream_output_adapter@_W@__crt_stdio_output@@AB_KABQB_WABQAU__crt_locale_pointers@@ABQAD@?$standard_base@_WV?$stream_output_adapter@_W@__crt_stdio_output@@@__crt_stdio_output@@IAE@ABV?$stream_output_adapter@_W@1@AB_KABQB_WABQAU__crt_locale_pointers@@ABQAD@Z 10028070 f i libucrt:output.obj
 0001:000270b2       ??$?0ABV?$string_output_adapter@D@__crt_stdio_output@@AB_KABQBDABQAU__crt_locale_pointers@@ABQAD@?$format_validation_base@DV?$string_output_adapter@D@__crt_stdio_output@@@__crt_stdio_output@@IAE@ABV?$string_output_adapter@D@1@AB_KABQBDABQAU__crt_locale_pointers@@ABQAD@Z 100280b2 f i libucrt:output.obj
 0001:000270dd       ??$?0ABV?$string_output_adapter@D@__crt_stdio_output@@AB_KABQBDABQAU__crt_locale_pointers@@ABQAD@?$positional_parameter_base@DV?$string_output_adapter@D@__crt_stdio_output@@@__crt_stdio_output@@IAE@ABV?$string_output_adapter@D@1@AB_KABQBDABQAU__crt_locale_pointers@@ABQAD@Z 100280dd f i libucrt:output.obj
 0001:00027137       ??$?0ABV?$string_output_adapter@D@__crt_stdio_output@@AB_KABQBDABQAU__crt_locale_pointers@@ABQAD@?$standard_base@DV?$string_output_adapter@D@__crt_stdio_output@@@__crt_stdio_output@@IAE@ABV?$string_output_adapter@D@1@AB_KABQBDABQAU__crt_locale_pointers@@ABQAD@Z 10028137 f i libucrt:output.obj
 0001:00027179       ??$?0ABV?$string_output_adapter@_W@__crt_stdio_output@@AB_KABQB_WABQAU__crt_locale_pointers@@ABQAD@?$format_validation_base@_WV?$string_output_adapter@_W@__crt_stdio_output@@@__crt_stdio_output@@IAE@ABV?$string_output_adapter@_W@1@AB_KABQB_WABQAU__crt_locale_pointers@@ABQAD@Z 10028179 f i libucrt:output.obj
 0001:000271a4       ??$?0ABV?$string_output_adapter@_W@__crt_stdio_output@@AB_KABQB_WABQAU__crt_locale_pointers@@ABQAD@?$positional_parameter_base@_WV?$string_output_adapter@_W@__crt_stdio_output@@@__crt_stdio_output@@IAE@ABV?$string_output_adapter@_W@1@AB_KABQB_WABQAU__crt_locale_pointers@@ABQAD@Z 100281a4 f i libucrt:output.obj
 0001:000271fe       ??$?0ABV?$string_output_adapter@_W@__crt_stdio_output@@AB_KABQB_WABQAU__crt_locale_pointers@@ABQAD@?$standard_base@_WV?$string_output_adapter@_W@__crt_stdio_output@@@__crt_stdio_output@@IAE@ABV?$string_output_adapter@_W@1@AB_KABQB_WABQAU__crt_locale_pointers@@ABQAD@Z 100281fe f i libucrt:output.obj
 0001:00028824       ??$count@D@formatting_buffer@__crt_stdio_output@@QBEIXZ 10029824 f i libucrt:output.obj
 0001:00028842       ??$count@_W@formatting_buffer@__crt_stdio_output@@QBEIXZ 10029842 f i libucrt:output.obj
 0001:00028861       ??$data@D@formatting_buffer@__crt_stdio_output@@QAEPADXZ 10029861 f i libucrt:output.obj
 0001:00028871       ??$data@_W@formatting_buffer@__crt_stdio_output@@QAEPA_WXZ 10029871 f i libucrt:output.obj
 0001:00028881       ??$ensure_buffer_is_big_enough@D@formatting_buffer@__crt_stdio_output@@QAE_NI@Z 10029881 f i libucrt:output.obj
 0001:0002891f       ??$ensure_buffer_is_big_enough@_W@formatting_buffer@__crt_stdio_output@@QAE_NI@Z 1002991f f i libucrt:output.obj
 0001:000289bf       ??$extract_argument_from_va_list@C_J@?$positional_parameter_base@DV?$stream_output_adapter@D@__crt_stdio_output@@@__crt_stdio_output@@IAE_NAA_J@Z 100299bf f i libucrt:output.obj
 0001:00028a56       ??$extract_argument_from_va_list@C_J@?$positional_parameter_base@DV?$string_output_adapter@D@__crt_stdio_output@@@__crt_stdio_output@@IAE_NAA_J@Z 10029a56 f i libucrt:output.obj
 0001:00028aed       ??$extract_argument_from_va_list@C_J@?$positional_parameter_base@_WV?$stream_output_adapter@_W@__crt_stdio_output@@@__crt_stdio_output@@IAE_NAA_J@Z 10029aed f i libucrt:output.obj
 0001:00028b84       ??$extract_argument_from_va_list@C_J@?$positional_parameter_base@_WV?$string_output_adapter@_W@__crt_stdio_output@@@__crt_stdio_output@@IAE_NAA_J@Z 10029b84 f i libucrt:output.obj
 0001:00028c1b       ??$extract_argument_from_va_list@C_J@?$standard_base@DV?$stream_output_adapter@D@__crt_stdio_output@@@__crt_stdio_output@@IAE_NAA_J@Z 10029c1b f i libucrt:output.obj
 0001:00028c41       ??$extract_argument_from_va_list@C_J@?$standard_base@DV?$string_output_adapter@D@__crt_stdio_output@@@__crt_stdio_output@@IAE_NAA_J@Z 10029c41 f i libucrt:output.obj
 0001:00028c67       ??$extract_argument_from_va_list@C_J@?$standard_base@_WV?$stream_output_adapter@_W@__crt_stdio_output@@@__crt_stdio_output@@IAE_NAA_J@Z 10029c67 f i libucrt:output.obj
 0001:00028c8d       ??$extract_argument_from_va_list@C_J@?$standard_base@_WV?$string_output_adapter@_W@__crt_stdio_output@@@__crt_stdio_output@@IAE_NAA_J@Z 10029c8d f i libucrt:output.obj
 0001:00028cb3       ??$extract_argument_from_va_list@E_J@?$positional_parameter_base@DV?$stream_output_adapter@D@__crt_stdio_output@@@__crt_stdio_output@@IAE_NAA_J@Z 10029cb3 f i libucrt:output.obj
 0001:00028d4a       ??$extract_argument_from_va_list@E_J@?$positional_parameter_base@DV?$string_output_adapter@D@__crt_stdio_output@@@__crt_stdio_output@@IAE_NAA_J@Z 10029d4a f i libucrt:output.obj
 0001:00028de1       ??$extract_argument_from_va_list@E_J@?$positional_parameter_base@_WV?$stream_output_adapter@_W@__crt_stdio_output@@@__crt_stdio_output@@IAE_NAA_J@Z 10029de1 f i libucrt:output.obj
 0001:00028e78       ??$extract_argument_from_va_list@E_J@?$positional_parameter_base@_WV?$string_output_adapter@_W@__crt_stdio_output@@@__crt_stdio_output@@IAE_NAA_J@Z 10029e78 f i libucrt:output.obj
 0001:00028f0f       ??$extract_argument_from_va_list@E_J@?$standard_base@DV?$stream_output_adapter@D@__crt_stdio_output@@@__crt_stdio_output@@IAE_NAA_J@Z 10029f0f f i libucrt:output.obj
 0001:00028f35       ??$extract_argument_from_va_list@E_J@?$standard_base@DV?$string_output_adapter@D@__crt_stdio_output@@@__crt_stdio_output@@IAE_NAA_J@Z 10029f35 f i libucrt:output.obj
 0001:00028f5b       ??$extract_argument_from_va_list@E_J@?$standard_base@_WV?$stream_output_adapter@_W@__crt_stdio_output@@@__crt_stdio_output@@IAE_NAA_J@Z 10029f5b f i libucrt:output.obj
 0001:00028f81       ??$extract_argument_from_va_list@E_J@?$standard_base@_WV?$string_output_adapter@_W@__crt_stdio_output@@@__crt_stdio_output@@IAE_NAA_J@Z 10029f81 f i libucrt:output.obj
 0001:00028fa7       ??$extract_argument_from_va_list@F_J@?$positional_parameter_base@DV?$stream_output_adapter@D@__crt_stdio_output@@@__crt_stdio_output@@IAE_NAA_J@Z 10029fa7 f i libucrt:output.obj
 0001:0002903e       ??$extract_argument_from_va_list@F_J@?$positional_parameter_base@DV?$string_output_adapter@D@__crt_stdio_output@@@__crt_stdio_output@@IAE_NAA_J@Z 1002a03e f i libucrt:output.obj
 0001:000290d5       ??$extract_argument_from_va_list@F_J@?$positional_parameter_base@_WV?$stream_output_adapter@_W@__crt_stdio_output@@@__crt_stdio_output@@IAE_NAA_J@Z 1002a0d5 f i libucrt:output.obj
 0001:0002916c       ??$extract_argument_from_va_list@F_J@?$positional_parameter_base@_WV?$string_output_adapter@_W@__crt_stdio_output@@@__crt_stdio_output@@IAE_NAA_J@Z 1002a16c f i libucrt:output.obj
 0001:00029203       ??$extract_argument_from_va_list@F_J@?$standard_base@DV?$stream_output_adapter@D@__crt_stdio_output@@@__crt_stdio_output@@IAE_NAA_J@Z 1002a203 f i libucrt:output.obj
 0001:00029229       ??$extract_argument_from_va_list@F_J@?$standard_base@DV?$string_output_adapter@D@__crt_stdio_output@@@__crt_stdio_output@@IAE_NAA_J@Z 1002a229 f i libucrt:output.obj
 0001:0002924f       ??$extract_argument_from_va_list@F_J@?$standard_base@_WV?$stream_output_adapter@_W@__crt_stdio_output@@@__crt_stdio_output@@IAE_NAA_J@Z 1002a24f f i libucrt:output.obj
 0001:00029275       ??$extract_argument_from_va_list@F_J@?$standard_base@_WV?$string_output_adapter@_W@__crt_stdio_output@@@__crt_stdio_output@@IAE_NAA_J@Z 1002a275 f i libucrt:output.obj
 0001:0002929b       ??$extract_argument_from_va_list@GD@?$positional_parameter_base@DV?$stream_output_adapter@D@__crt_stdio_output@@@__crt_stdio_output@@IAE_NAAD@Z 1002a29b f i libucrt:output.obj
 0001:00029331       ??$extract_argument_from_va_list@GD@?$positional_parameter_base@DV?$string_output_adapter@D@__crt_stdio_output@@@__crt_stdio_output@@IAE_NAAD@Z 1002a331 f i libucrt:output.obj
 0001:000293c7       ??$extract_argument_from_va_list@GD@?$standard_base@DV?$stream_output_adapter@D@__crt_stdio_output@@@__crt_stdio_output@@IAE_NAAD@Z 1002a3c7 f i libucrt:output.obj
 0001:000293e7       ??$extract_argument_from_va_list@GD@?$standard_base@DV?$string_output_adapter@D@__crt_stdio_output@@@__crt_stdio_output@@IAE_NAAD@Z 1002a3e7 f i libucrt:output.obj
 0001:00029407       ??$extract_argument_from_va_list@G_J@?$positional_parameter_base@DV?$stream_output_adapter@D@__crt_stdio_output@@@__crt_stdio_output@@IAE_NAA_J@Z 1002a407 f i libucrt:output.obj
[...]
 0002:000107a8       __sehtable$??$?RV<lambda_69a2805e680e0e292e8ba93315fe43a8>@@AAV<lambda_f03950bc5685219e0bcd2087efbe011e>@@V<lambda_03fcd07e894ec930e3f35da366ca99d6>@@@?$__crt_seh_guarded_call@H@@QAEH$$QAV<lambda_69a2805e680e0e292e8ba93315fe43a8>@@AAV<lambda_f03950bc5685219e0bcd2087efbe011e>@@$$QAV<lambda_03fcd07e894ec930e3f35da366ca99d6>@@@Z 100807a8     libucrt:onexit.obj
 0002:000107c8       __sehtable$_terminate      100807c8     libucrt:terminate.obj
 0002:000107e8       __sehtable$??$?RV<lambda_2866be3712abc81a800a822484c830d8>@@AAV<lambda_39ca0ed439415581b5b15c265174cece>@@V<lambda_2b24c74d71094a6cd0cb82e44167d71b>@@@?$__crt_seh_guarded_call@X@@QAEX$$QAV<lambda_2866be3712abc81a800a822484c830d8>@@AAV<lambda_39ca0ed439415581b5b15c265174cece>@@$$QAV<lambda_2b24c74d71094a6cd0cb82e44167d71b>@@@Z 100807e8     libucrt:fflush.obj
 0002:00010808       __sehtable$??$?RV<lambda_2cc53f568c5a2bb6f192f930a45d44ea>@@AAV<lambda_ab61a845afdef5b7c387490eaf3616ee>@@V<lambda_c2ffc0b7726aa6be21d5f0026187e748>@@@?$__crt_seh_guarded_call@X@@QAEX$$QAV<lambda_2cc53f568c5a2bb6f192f930a45d44ea>@@AAV<lambda_ab61a845afdef5b7c387490eaf3616ee>@@$$QAV<lambda_c2ffc0b7726aa6be21d5f0026187e748>@@@Z 10080808     libucrt:fflush.obj
 0002:00010828       __sehtable$??$?RV<lambda_6d20deecaf4856105ebacbad442d1079>@@AAV<lambda_9a32fed5bf61b6b509b2d3f6003082a1>@@V<lambda_63ea2239ed67c638ddbae41947fdf875>@@@?$__crt_seh_guarded_call@H@@QAEH$$QAV<lambda_6d20deecaf4856105ebacbad442d1079>@@AAV<lambda_9a32fed5bf61b6b509b2d3f6003082a1>@@$$QAV<lambda_63ea2239ed67c638ddbae41947fdf875>@@@Z 10080828     libucrt:fflush.obj
 0002:00010848       __sehtable$??$?RV<lambda_70c0770dcc4f6ec6272bb01dc82d3c91>@@AAV<lambda_ca71763b3c0644891230e4f79ea54fa6>@@V<lambda_ca266f0f09348b8765c113e3a39a2bc1>@@@?$__crt_seh_guarded_call@H@@QAEH$$QAV<lambda_70c0770dcc4f6ec6272bb01dc82d3c91>@@AAV<lambda_ca71763b3c0644891230e4f79ea54fa6>@@$$QAV<lambda_ca266f0f09348b8765c113e3a39a2bc1>@@@Z 10080848     libucrt:setvbuf.obj
 0002:00010868       __sehtable$_signal         10080868     libucrt:signal.obj
 0002:00010888       __sehtable$_raise          10080888     libucrt:signal.obj
 0002:000108a8       __sehtable$?ctrlevent_capture@@YGHK@Z 100808a8     libucrt:signal.obj
 0002:000108c8       __sehtable$??$?RV<lambda_cbab9ec6f41b0180b23cc171c22676b0>@@AAV<lambda_44731a7d0e6d81c3e6aa82d741081786>@@V<lambda_4b292cb8dd18144e164572427af410ab>@@@?$__crt_seh_guarded_call@P6AXH@Z@@QAEP6AXH@Z$$QAV<lambda_cbab9ec6f41b0180b23cc171c22676b0>@@AAV<lambda_44731a7d0e6d81c3e6aa82d741081786>@@$$QAV<lambda_4b292cb8dd18144e164572427af410ab>@@@Z 100808c8     libucrt:signal.obj
 0002:000108e8       __sehtable$??$?RV<lambda_93797fb4802c957ba6a7f08e1250235b>@@AAV<lambda_1f3ce6bd48e0aa2e72a71c02eee379d3>@@V<lambda_56cae30c9364c9b6c15aeaac05d0418e>@@@?$__crt_seh_guarded_call@H@@QAEH$$QAV<lambda_93797fb4802c957ba6a7f08e1250235b>@@AAV<lambda_1f3ce6bd48e0aa2e72a71c02eee379d3>@@$$QAV<lambda_56cae30c9364c9b6c15aeaac05d0418e>@@@Z 100808e8     libucrt:winapi_thunks.obj
 0002:00010908       __sehtable$__fcloseall     10080908     libucrt:closeall.obj
 0002:00010928       __sehtable$___acrt_initialize_lowio 10080928     libucrt:ioinit.obj
 0002:00010948       __sehtable$??$?RV<lambda_218ce3db14220d0be481dae8ef3383b6>@@AAV<lambda_628dfdc04ba53c8bfc02c9951375f3f5>@@V<lambda_57dc472bd5c9d5f3b2cbca59b8a843ae>@@@?$__crt_seh_guarded_call@H@@QAEH$$QAV<lambda_218ce3db14220d0be481dae8ef3383b6>@@AAV<lambda_628dfdc04ba53c8bfc02c9951375f3f5>@@$$QAV<lambda_57dc472bd5c9d5f3b2cbca59b8a843ae>@@@Z 10080948     libucrt:close.obj
 0002:00010968       __sehtable$?__acrt_stdio_allocate_stream@@YA?AV__crt_stdio_stream@@XZ 10080968     libucrt:stream.obj
 0002:00010988       __sehtable$__read          10080988     libucrt:read.obj
 0002:000109a8       __sehtable$__write         100809a8     libucrt:write.obj
 0002:000109c8       __sehtable$??$?RV<lambda_15ade71b0218206bbe3333a0c9b79046>@@AAV<lambda_da44e0f8b0f19ba52fefafb335991732>@@V<lambda_207f2d024fc103971653565357d6cd41>@@@?$__crt_seh_guarded_call@X@@QAEX$$QAV<lambda_15ade71b0218206bbe3333a0c9b79046>@@AAV<lambda_da44e0f8b0f19ba52fefafb335991732>@@$$QAV<lambda_207f2d024fc103971653565357d6cd41>@@@Z 100809c8     libucrt:per_thread_data.obj
 0002:000109e8       __sehtable$??$?RV<lambda_a7e850c220f1c8d1e6efeecdedd162c6>@@AAV<lambda_46720907175c18b6c9d2717bc0d2d362>@@V<lambda_9048902d66e8d99359bc9897bbb930a8>@@@?$__crt_seh_guarded_call@X@@QAEX$$QAV<lambda_a7e850c220f1c8d1e6efeecdedd162c6>@@AAV<lambda_46720907175c18b6c9d2717bc0d2d362>@@$$QAV<lambda_9048902d66e8d99359bc9897bbb930a8>@@@Z 100809e8     libucrt:per_thread_data.obj
 0002:00010a08       __sehtable$??$?RV<lambda_38edbb1296d33220d7e4dd0ed76b244a>@@AAV<lambda_5ce1d447e08cb34b2473517608e21441>@@V<lambda_fb385d3da700c9147fc39e65dd577a8c>@@@?$__crt_seh_guarded_call@X@@QAEX$$QAV<lambda_38edbb1296d33220d7e4dd0ed76b244a>@@AAV<lambda_5ce1d447e08cb34b2473517608e21441>@@$$QAV<lambda_fb385d3da700c9147fc39e65dd577a8c>@@@Z 10080a08     libucrt:per_thread_data.obj
 0002:00010a28       __sehtable$??$?RV<lambda_6affb1475c98b40b75cdec977db92e3c>@@AAV<lambda_b8d4b9c228a6ecc3f80208dbb4b4a104>@@V<lambda_608742c3c92a14382c1684fc64f96c88>@@@?$__crt_seh_guarded_call@X@@QAEX$$QAV<lambda_6affb1475c98b40b75cdec977db92e3c>@@AAV<lambda_b8d4b9c228a6ecc3f80208dbb4b4a104>@@$$QAV<lambda_608742c3c92a14382c1684fc64f96c88>@@@Z 10080a28     libucrt:per_thread_data.obj
 0002:00010a48       __sehtable$__free_locale   10080a48     libucrt:wsetlocale.obj
 0002:00010a78       __sehtable$??$?RV<lambda_e5124f882df8998aaf41531e079ba474>@@AAV<lambda_3e16ef9562a7dcce91392c22ab16ea36>@@V<lambda_e25ca0880e6ef98be67edffd8c599615>@@@?$__crt_seh_guarded_call@X@@QAEX$$QAV<lambda_e5124f882df8998aaf41531e079ba474>@@AAV<lambda_3e16ef9562a7dcce91392c22ab16ea36>@@$$QAV<lambda_e25ca0880e6ef98be67edffd8c599615>@@@Z 10080a78     libucrt:wsetlocale.obj
 0002:00010a98       __sehtable$??$?RV<lambda_82aef432098b982f9ede325b418aa67a>@@AAV<lambda_862e9a3f04921db6ca1ce3faa2bf3edf>@@V<lambda_ffabc152e504b53d7492b9889b10c020>@@@?$__crt_seh_guarded_call@X@@QAEX$$QAV<lambda_82aef432098b982f9ede325b418aa67a>@@AAV<lambda_862e9a3f04921db6ca1ce3faa2bf3edf>@@$$QAV<lambda_ffabc152e504b53d7492b9889b10c020>@@@Z 10080a98     libucrt:wsetlocale.obj
 0002:00010ab8       __sehtable$??$?RV<lambda_6673f7c4c09a5d469d0c27ae364621ce>@@AAV<lambda_ebab98244f73a74f49db879bf13fa982>@@V<lambda_be20789b7a146653eab82509ec35b419>@@@?$__crt_seh_guarded_call@X@@QAEX$$QAV<lambda_6673f7c4c09a5d469d0c27ae364621ce>@@AAV<lambda_ebab98244f73a74f49db879bf13fa982>@@$$QAV<lambda_be20789b7a146653eab82509ec35b419>@@@Z 10080ab8     libucrt:wsetlocale.obj
 0002:00010ad8       __sehtable$??$?RV<lambda_4fdada1b837b2abbf20876fac97688ad>@@AAV<lambda_b57350f2640456a0859d250846f69caf>@@V<lambda_eed5e4f92b5b7d55fa22c48c484aaa54>@@@?$__crt_seh_guarded_call@X@@QAEX$$QAV<lambda_4fdada1b837b2abbf20876fac97688ad>@@AAV<lambda_b57350f2640456a0859d250846f69caf>@@$$QAV<lambda_eed5e4f92b5b7d55fa22c48c484aaa54>@@@Z 10080ad8     libucrt:wsetlocale.obj
 0002:00010af8       __sehtable$??$?RV<lambda_135d2772fca65dc1248eeaa1b56e886a>@@AAV<lambda_2a444430fde8c29194d880d93eed5e8f>@@AAV<lambda_8dff2cf36a5417162780cd64fa2883ef>@@@?$__crt_seh_guarded_call@X@@QAEX$$QAV<lambda_135d2772fca65dc1248eeaa1b56e886a>@@AAV<lambda_2a444430fde8c29194d880d93eed5e8f>@@AAV<lambda_8dff2cf36a5417162780cd64fa2883ef>@@@Z 10080af8     libucrt:wsetlocale.obj
 0002:00010b18       __sehtable$??$common_lseek@J@@YAJHJH@Z 10080b18     libucrt:lseek.obj
 0002:00010b38       __sehtable$??$common_lseek@_J@@YA_JH_JH@Z 10080b38     libucrt:lseek.obj
 0002:00010b58       __sehtable$_fputwc         10080b58     libucrt:fputwc.obj
 0002:00010b78       __sehtable$_fputc          10080b78     libucrt:fputc.obj
 0002:00010b98       __sehtable$___set_fpsr_sse2 10080b98     libucrt:fpctrl.obj
 0002:00010bb8       __sehtable$?update_thread_multibyte_data_internal@@YAPAU__crt_multibyte_data@@QAU__acrt_ptd@@QAPAU1@@Z 10080bb8     libucrt:mbctype.obj
 0002:00010bd8       __sehtable$??$?RV<lambda_ceb1ee4838e85a9d631eb091e2fbe199>@@AAV<lambda_ae742caa10f662c28703da3d2ea5e57e>@@V<lambda_cd08b5d6af4937fe54fc07d0c9bf6b37>@@@?$__crt_seh_guarded_call@X@@QAEX$$QAV<lambda_ceb1ee4838e85a9d631eb091e2fbe199>@@AAV<lambda_ae742caa10f662c28703da3d2ea5e57e>@@$$QAV<lambda_cd08b5d6af4937fe54fc07d0c9bf6b37>@@@Z 10080bd8     libucrt:mbctype.obj
 0002:00010bf8       __sehtable$__query_new_handler 10080bf8     libucrt:new_handler.obj
 0002:00010c18       __sehtable$__set_new_handler 10080c18     libucrt:new_handler.obj
 0002:00010c38       __sehtable$??$?RV<lambda_9e9de3de5fa147e2223d7db92bc10aa6>@@AAV<lambda_38ce7e780aa69e748d6df282ebc68efe>@@V<lambda_8ca6da459f0f6780f1cff60fdc3d00e5>@@@?$__crt_seh_guarded_call@H@@QAEH$$QAV<lambda_9e9de3de5fa147e2223d7db92bc10aa6>@@AAV<lambda_38ce7e780aa69e748d6df282ebc68efe>@@$$QAV<lambda_8ca6da459f0f6780f1cff60fdc3d00e5>@@@Z 10080c38     libucrt:commit.obj
 0002:00010c58       __sehtable$__open_osfhandle 10080c58     libucrt:osfinfo.obj
 0002:00010c78       __sehtable$__alloc_osfhnd  10080c78     libucrt:osfinfo.obj
 0002:00010c98       __sehtable$___acrt_lowio_ensure_fh_exists 10080c98     libucrt:osfinfo.obj
 0002:00010cb8       __sehtable$??$common_open@D@@YAHQBDHH@Z 10080cb8     libucrt:open.obj
 0002:00010cd8       __sehtable$??$common_open@_W@@YAHQB_WHH@Z 10080cd8     libucrt:open.obj
 0002:00010cf8       __sehtable$??$common_sopen_dispatch@D@@YAHQBDHHHQAHH@Z 10080cf8     libucrt:open.obj
 0002:00010d18       __sehtable$??$common_sopen_dispatch@_W@@YAHQB_WHHHQAHH@Z 10080d18     libucrt:open.obj
 0002:00010d38       __sehtable$??$?RV<lambda_f828341fbe69b7c0d4c527b01f22877f>@@AAV<lambda_9e0b6ab72a5b3ae37ad997d08b519f50>@@V<lambda_f01deac0a8d65d6e0411edf7e0af5775>@@@?$__crt_seh_guarded_call@G@@QAEG$$QAV<lambda_f828341fbe69b7c0d4c527b01f22877f>@@AAV<lambda_9e0b6ab72a5b3ae37ad997d08b519f50>@@$$QAV<lambda_f01deac0a8d65d6e0411edf7e0af5775>@@@Z 10080d38     libucrt:putwch.obj
 0002:00010d58       __sehtable$___acrt_update_thread_locale_data 10080d58     libucrt:locale_refcounting.obj
 0002:00010d78       __sehtable$__setmode       10080d78     libucrt:setmode.obj
 0002:00010d98       __sehtable$??$?RV<lambda_3b12a17125e8c5b5e6e6f6c6050db0c1>@@AAV<lambda_522ac1b1e1a1180d6f374a882b81d1c8>@@V<lambda_e92b96cac182f562f30acc9fb7872857>@@@?$__crt_seh_guarded_call@H@@QAEH$$QAV<lambda_3b12a17125e8c5b5e6e6f6c6050db0c1>@@AAV<lambda_522ac1b1e1a1180d6f374a882b81d1c8>@@$$QAV<lambda_e92b96cac182f562f30acc9fb7872857>@@@Z 10080d98     libucrt:chsize.obj
 0002:00010db8       __unwindtable$?_wcstombs_l_helper@@YAIPADPB_WIPAU__crt_locale_pointers@@@Z 10080db8     libucrt:wcstombs.obj
 0002:00010dc0       __ehfuncinfo$?_wcstombs_l_helper@@YAIPADPB_WIPAU__crt_locale_pointers@@@Z 10080dc0     libucrt:wcstombs.obj
 0002:00010de8       __sehtable$__IsNonwritableInCurrentImage 10080de8     LIBCMT:pesect.obj
 0002:00011050       .edata                     10081050     homing_slrt.exp
 0002:00011078       rgpv                       10081078     homing_slrt.exp
 0002:00011090       rgszName                   10081090     homing_slrt.exp
 0002:000110a8       rgwOrd                     100810a8     homing_slrt.exp
 0002:000110b4       szName                     100810b4     homing_slrt.exp
 0002:000110c4       $N00001                    100810c4     homing_slrt.exp
 0002:000110cf       $N00002                    100810cf     homing_slrt.exp
 0002:000110d8       $N00003                    100810d8     homing_slrt.exp
 0002:000110e5       $N00004                    100810e5     homing_slrt.exp
 0002:000110ef       $N00005                    100810ef     homing_slrt.exp
 0002:000110fd       $N00006                    100810fd     homing_slrt.exp
 0003:00000000       _rtDataAddrMap             10082000     homing_capi.obj
 0003:000001f0       _mmiStatic                 100821f0     homing_capi.obj
 0003:00000b4c       _rtwCAPI_mallocError       10082b4c     rtw_modelmap_utils.obj
 0003:00000b60       _mdlInfo                   10082b60     xpctarget.obj
 0003:00000c80       _SupportedBoard            10082c80     xpcionim.obj
 0003:00001118       ?firsttime@?1??niM_Private_Data@@9@9 10083118     xpcionim.obj
 0003:0000111c       _Static_AI_Control         1008311c     xpcionim.obj
 0003:00001280       ?__vcrt_flsindex@@3KA      10083280     libvcruntime:per_thread_data.obj
 0003:00001384       ?errno_no_memory@@3HA      10083384     libucrt:errno.obj
 0003:00001388       ?doserrno_no_memory@@3KA   10083388     libucrt:errno.obj
 0003:00001504       ?__acrt_flsindex@@3KA      10083504     libucrt:per_thread_data.obj
 0003:00001508       __ctype_loc_style          10083508     libucrt:wsetlocale.obj
 0003:00001600       ?__DAZ_ENABLED@?1??__set_fpsr_sse2@@9@9 10083600     libucrt:fpctrl.obj
 0003:00001898       __mbctypes                 10083898     libucrt:mbctype.obj
 0003:000019d0       __mbcasemaps               100839d0     libucrt:mbctype.obj
 0003:00001b04       ?__rgctypeflag@@3PADA      10083b04     libucrt:mbctype.obj
 0003:00001b08       ?__rgcode_page_info@@3PAUcode_page_info@@A 10083b08     libucrt:mbctype.obj
 0003:00001cb0       ?__dcrt_lowio_console_output_handle@@3PAXA 10083cb0     libucrt:initcon.obj
 0003:00002040       ?rt_DataLoggingInfo@?4??homing@@9@9 10084040     homing.obj
 0003:00002098       ?dims@?1??rt_mxGetDimensions@@9@9 10084098     rt_matrx.obj
 0003:000020a4       _rtVarDimsAddrMap          100840a4     homing_capi.obj
 0003:000020f0       _rtm                       100840f0     xpctarget.obj
 0003:00002108       _msg                       10084108     danipcim.obj
 0003:00002240       _msg                       10084240     dinipcim.obj
 0003:00002378       _msg                       10084378     donipcim.obj
 0003:000024b0       _msg                       100844b0     encnipcim.obj
 0003:000025e8       _msg                       100845e8     xpcionim.obj
 0003:000026e8       _private_data              100846e8     xpcionim.obj
 0003:00002930       _GS_ExceptionRecord        10084930     LIBCMT:gs_report.obj
 0003:00002980       _GS_ContextRecord          10084980     LIBCMT:gs_report.obj
 0003:00002cf8       ?__proc_attached@@3HA      10084cf8     LIBCMT:dll_dllmain.obj
 0003:00002d34       ?is_initialized_as_dll@@3_NA 10084d34     LIBCMT:utility.obj
 0003:00002d35       ?module_local_atexit_table_initialized@@3_NA 10084d35     LIBCMT:utility.obj
 0003:00002d38       ?module_local_atexit_table@@3U_onexit_table_t@@A 10084d38     LIBCMT:utility.obj
 0003:00002d44       ?module_local_at_quick_exit_table@@3U_onexit_table_t@@A 10084d44     LIBCMT:utility.obj
 0003:00002d84       ?heap@@3V_HeapManager@@A   10084d84     libvcruntime:undname.obj
 0003:00002da4       ?__vcrt_startup_thread_ptd@@3U__vcrt_ptd@@A 10084da4     libvcruntime:per_thread_data.obj
 0003:00002dd4       ___vcrt_lock_table         10084dd4     libvcruntime:locks.obj
 0003:00002dec       ___vcrt_locks_initialized  10084dec     libvcruntime:locks.obj
 0003:00002df8       ?module_handles@@3PAPAUHINSTANCE__@@A 10084df8     libvcruntime:winapi_downlevel.obj
 0003:00002e04       ?encoded_function_pointers@@3PAPAXA 10084e04     libvcruntime:winapi_downlevel.obj
 0003:00002e28       ?c_termination_complete@@3JA 10084e28     libucrt:exit.obj
 0003:00002e2c       ?thread_local_exit_callback_func@@3P6GXPAXK0@ZA 10084e2c     libucrt:exit.obj
 0003:00002e48       ?program_name@?1???$common_configure_argv@D@@YAHW4_crt_argv_mode@@@Z@4PADA 10084e48     libucrt:argv_parsing.obj
 0003:00002f88       ?program_name@?1???$common_configure_argv@_W@@YAHW4_crt_argv_mode@@@Z@4PA_WA 10084f88     libucrt:argv_parsing.obj
 0003:00003230       ?__acrt_invalid_parameter_handler@@3V?$dual_state_global@P6AXPB_W00II@Z@__crt_state_management@@A 10085230     libucrt:invalid_parameter.obj
 0003:00003234       ?__acrt_app_type@@3W4_crt_app_type@@A 10085234     libucrt:report_runtime_error.obj
 0003:00003238       ?outmsg@?9??__acrt_report_runtime_error@@9@4PA_WA 10085238     libucrt:report_runtime_error.obj
 0003:0000399c       ___acrt_error_mode         1008599c     libucrt:set_error_mode.obj
 0003:000039a0       ?console_ctrl_handler_installed@@3_NA 100859a0     libucrt:signal.obj
 0003:000039a4       ?ctrlc_action@@3V?$dual_state_global@P6AXH@Z@__crt_state_management@@A 100859a4     libucrt:signal.obj
 0003:000039a8       ?ctrlbreak_action@@3V?$dual_state_global@P6AXH@Z@__crt_state_management@@A 100859a8     libucrt:signal.obj
 0003:000039ac       ?abort_action@@3V?$dual_state_global@P6AXH@Z@__crt_state_management@@A 100859ac     libucrt:signal.obj
 0003:000039b0       ?term_action@@3V?$dual_state_global@P6AXH@Z@__crt_state_management@@A 100859b0     libucrt:signal.obj
 0003:000039b8       ?__acrt_lock_table@@3PAU_RTL_CRITICAL_SECTION@@A 100859b8     libucrt:locks.obj
 0003:00003b08       ?__acrt_locks_initialized@@3IA 10085b08     libucrt:locks.obj
 0003:00003b50       ?state_cache@?1???$get_cached_win_policy@Ubegin_thread_init_policy_properties@?1??__acrt_get_begin_thread_init_policy@@YA?AW4begin_thread_init_policy@@XZ@@@YA?AW4begin_thread_init_policy@@W4AppPolicyThreadInitializationType@@@Z@4JA 10085b50     libucrt:win_policies.obj
 0003:00003b54       ?state_cache@?1???$get_cached_win_policy@Udeveloper_information_policy_properties@?1??__acrt_get_developer_information_policy@@YA?AW4developer_information_policy@@XZ@@@YA?AW4developer_information_policy@@W4AppPolicyShowDeveloperDiagnostic@@@Z@4JA 10085b54     libucrt:win_policies.obj
 0003:00003b58       ?state_cache@?1???$get_cached_win_policy@Uwindowing_model_policy_properties@?1??__acrt_get_windowing_model_policy@@YA?AW4windowing_model_policy@@XZ@@@YA?AW4windowing_model_policy@@W4AppPolicyWindowingModel@@@Z@4JA 10085b58     libucrt:win_policies.obj
 0003:00003b60       ?module_handles@@3PAPAUHINSTANCE__@@A 10085b60     libucrt:winapi_thunks.obj
 0003:00003bb0       ?encoded_function_pointers@@3PAPAXA 10085bb0     libucrt:winapi_thunks.obj
 0003:00003c64       ?static_enum_proc@?1??enum_system_locales_ex_nolock@@YAHQ6GHPA_WKJ@Z@Z@4P6GH0KJ@ZA 10085c64     libucrt:winapi_thunks.obj
 0003:00003ee4       ?internal_state@?1??_mbtowc_l@@9@4U_Mbstatet@@A 10085ee4     libucrt:mbtowc.obj
 0003:00003ef0       ?enable_percent_n@@3IA     10085ef0     libucrt:printf_count_output.obj
 0003:00003ef4       ?user_matherr@@3V?$dual_state_global@P6AHPAU_exception@@@Z@__crt_state_management@@A 10085ef4     libucrt:matherr.obj
 0003:00003f04       ?fSystemSet@@3HA           10085f04     libucrt:mbctype.obj
 0003:00003f0b       ?initialized@?1??__acrt_initialize_multibyte@@9@4_NA 10085f0b     libucrt:mbctype.obj
 0003:00003f2c       ?__acrt_new_handler@@3V?$dual_state_global@P6AHI@Z@__crt_state_management@@A 10085f2c     libucrt:new_handler.obj
 0003:00003f30       ?__acrt_global_new_mode@@3V?$dual_state_global@J@__crt_state_management@@A 10085f30     libucrt:new_mode.obj
 0003:00003f40       ?mbst@?1??mbrlen@@9@4U_Mbstatet@@A 10085f40     libucrt:mbrtowc.obj
 0003:00003f4c       ?mbst@?1??mbrtowc@@9@4U_Mbstatet@@A 10085f4c     libucrt:mbrtowc.obj
 0003:00003f58       ?mbst@?1??_mbsrtowcs_helper@@YAIPA_WPAPBDIPAU_Mbstatet@@@Z@4U2@A 10085f58     libucrt:mbrtowc.obj
 0003:00003f68       ?internal_pst@?1??__mbrtoc32_utf8@__crt_mbstring@@YAIPA_UPBDIPAU_Mbstatet@@@Z@4U3@A 10085f68     libucrt:mbrtoc32.obj
 0003:00003f7c       __pmatherr_set             10085f7c     libucrt:libm_error.obj
 0003:00003f80       ?internal_pst@?1??__c16rtomb_utf8@__crt_mbstring@@YAIPAD_SPAU_Mbstatet@@@Z@4U3@A 10085f80     libucrt:c16rtomb.obj
 0004:000004e4       .idata$6                   1009b4e4     kernel32:KERNEL32.dll
